AGDD geometry will be defined via AGDD

*************************************************************
 Geant4 version Name: geant4-09-02    (19-December-2008)
                      Copyright : Geant4 Collaboration
                      Reference : NIM A 506 (2003), 250-303
                            WWW : http://cern.ch/geant4
*************************************************************

Visualization Manager instantiating...
TestPlacements finished
Go to Import
VGM info:   Top volume is world
VGM info:   ImportSection: importing AGDD_composition "world_comp"
VGM info:   ImportComposition "world_comp"
VGM info:   ImportPosition of volume "wheel" cardinality 1 parent "world"
VGM info:   ImportComposition "wheel"
VGM info:   ImportPosition of volume "layerA" cardinality 24 parent "world"
VGM info:   ImportingPosition with volume "layerA" ("layerA") trans=[5000,0,0]->(0,-0,0)
VGM info:   ImportingPosition with volume "layerA" ("layerA") trans=[4829.63,7.92379e-14,-1294.1]->(2.15997e-18,0.261799,1.64066e-17)
VGM info:   ImportingPosition with volume "layerA" ("layerA") trans=[4330.13,1.53076e-13,-2500]->(9.47236e-18,0.523599,3.53513e-17)
VGM info:   ImportingPosition with volume "layerA" ("layerA") trans=[3535.53,2.16482e-13,-3535.53]->(2.53624e-17,0.785398,6.12303e-17)
VGM info:   ImportingPosition with volume "layerA" ("layerA") trans=[2500,2.65135e-13,-4330.13]->(6.12303e-17,1.0472,1.06054e-16)
VGM info:   ImportingPosition with volume "layerA" ("layerA") trans=[1294.1,2.9572e-13,-4829.63]->(1.75345e-16,1.309,2.28515e-16)
VGM info:   ImportingPosition with volume "layerA" ("layerA") trans=[3.06152e-13,3.06152e-13,-5000]->(-6.12303e-17,1.5708,0)
VGM info:   ImportingPosition with volume "layerA" ("layerA") trans=[-1294.1,2.9572e-13,-4829.63]->(3.14159,1.309,3.14159)
VGM info:   ImportingPosition with volume "layerA" ("layerA") trans=[-2500,2.65135e-13,-4330.13]->(3.14159,1.0472,3.14159)
VGM info:   ImportingPosition with volume "layerA" ("layerA") trans=[-3535.53,2.16482e-13,-3535.53]->(3.14159,0.785398,3.14159)
VGM info:   ImportingPosition with volume "layerA" ("layerA") trans=[-4330.13,1.53076e-13,-2500]->(3.14159,0.523599,3.14159)
VGM info:   ImportingPosition with volume "layerA" ("layerA") trans=[-4829.63,7.92379e-14,-1294.1]->(3.14159,0.261799,3.14159)
VGM info:   ImportingPosition with volume "layerA" ("layerA") trans=[-5000,3.74915e-29,-6.12303e-13]->(3.14159,1.22461e-16,3.14159)
VGM info:   ImportingPosition with volume "layerA" ("layerA") trans=[-4829.63,-7.92379e-14,1294.1]->(3.14159,-0.261799,-3.14159)
VGM info:   ImportingPosition with volume "layerA" ("layerA") trans=[-4330.13,-1.53076e-13,2500]->(3.14159,-0.523599,-3.14159)
VGM info:   ImportingPosition with volume "layerA" ("layerA") trans=[-3535.53,-2.16482e-13,3535.53]->(3.14159,-0.785398,-3.14159)
VGM info:   ImportingPosition with volume "layerA" ("layerA") trans=[-2500,-2.65135e-13,4330.13]->(3.14159,-1.0472,-3.14159)
VGM info:   ImportingPosition with volume "layerA" ("layerA") trans=[-1294.1,-2.9572e-13,4829.63]->(3.14159,-1.309,-3.14159)
VGM info:   ImportingPosition with volume "layerA" ("layerA") trans=[-9.18455e-13,-3.06152e-13,5000]->(-6.12303e-17,-1.5708,0)
VGM info:   ImportingPosition with volume "layerA" ("layerA") trans=[1294.1,-2.9572e-13,4829.63]->(1.75345e-16,-1.309,-2.28515e-16)
VGM info:   ImportingPosition with volume "layerA" ("layerA") trans=[2500,-2.65135e-13,4330.13]->(6.12303e-17,-1.0472,-1.06054e-16)
VGM info:   ImportingPosition with volume "layerA" ("layerA") trans=[3535.53,-2.16482e-13,3535.53]->(2.53624e-17,-0.785398,-6.12303e-17)
VGM info:   ImportingPosition with volume "layerA" ("layerA") trans=[4330.13,-1.53076e-13,2500]->(9.47236e-18,-0.523599,-3.53513e-17)
VGM info:   ImportingPosition with volume "layerA" ("layerA") trans=[4829.63,-7.92379e-14,1294.1]->(2.15997e-18,-0.261799,-1.64066e-17)
VGM info:   ImportSection: importing AGDD_composition "layerA_comp"
VGM info:   ImportComposition "layerA_comp"
VGM info:   ImportPosition of volume "layerB" cardinality 3 parent "layerA"
VGM info:   ImportingPosition with volume "layerB" ("layerB") trans=[0,100,0]->(0,-0,0)
VGM info:   ImportingPosition with volume "layerB" ("layerB") trans=[0,300,0]->(0,-0,0)
VGM info:   ImportingPosition with volume "layerB" ("layerB") trans=[0,500,0]->(0,-0,0)
VGM info:   ImportSection: importing AGDD_composition "layerB_comp"
VGM info:   ImportComposition "layerB_comp"
VGM info:   ImportPosition of volume "layerC" cardinality 1 parent "layerB"
VGM info:   ImportingPosition with volume "layerC" ("layerC") trans=[0,98,0]->(0,-0,0)
VGM info:   ImportPosition of volume "layerC" cardinality 1 parent "layerB"
VGM info:   ImportingPosition with volume "layerC" ("layerC") trans=[0,-98,0]->(0,-0,0)
Import finished
No Geant4 geometry is built.
