AGDD geometry will be defined via AGDD

*************************************************************
 Geant4 version Name: geant4-09-02    (19-December-2008)
                      Copyright : Geant4 Collaboration
                      Reference : NIM A 506 (2003), 250-303
                            WWW : http://cern.ch/geant4
*************************************************************

Visualization Manager instantiating...
TestSolids finished
Go to Import
VGM info:   Top volume is world
VGM info:   ImportSection: importing AGDD_composition "world_comp"
VGM info:   ImportComposition "world_comp"
VGM info:   ImportPosition of volume "box" cardinality 1 parent "world"
VGM info:   ImportingPosition with volume "box" ("box") trans=[-4500,-1500,0]->(0,-0,0)
VGM info:   ImportPosition of volume "cons" cardinality 1 parent "world"
VGM info:   ImportingPosition with volume "cons" ("cons") trans=[-4500,1500,0]->(0,-0,0)
VGM info:   ImportPosition of volume "pcone" cardinality 1 parent "world"
VGM info:   ImportingPosition with volume "pcone" ("pcone") trans=[-1500,-1500,0]->(0,-0,0)
VGM info:   ImportPosition of volume "sphere" cardinality 1 parent "world"
VGM info:   ImportingPosition with volume "sphere" ("sphere") trans=[0,-1500,0]->(0,-0,0)
VGM info:   ImportPosition of volume "torus" cardinality 1 parent "world"
VGM info:   ImportingPosition with volume "torus" ("torus") trans=[0,1500,0]->(0,-0,0)
VGM info:   ImportPosition of volume "trd" cardinality 1 parent "world"
VGM info:   ImportingPosition with volume "trd" ("trd") trans=[1500,1500,0]->(0,-0,0)
VGM info:   ImportPosition of volume "tubs" cardinality 1 parent "world"
VGM info:   ImportingPosition with volume "tubs" ("tubs") trans=[3000,-1500,0]->(0,-0,0)
Import finished
No Geant4 geometry is built.
