AGDD geometry will be defined via AGDD and exported to Root

*************************************************************
 Geant4 version Name: geant4-09-02    (19-December-2008)
                      Copyright : Geant4 Collaboration
                      Reference : NIM A 506 (2003), 250-303
                            WWW : http://cern.ch/geant4
*************************************************************

Visualization Manager instantiating...
TestReflections: reflections not available in AGDD v6
TestReflections finished
No geometry is built.
