AGDD geometry will be defined via AGDD and exported to Root

*************************************************************
 Geant4 version Name: geant4-09-01-patch-01    (25-January-2008)
                      Copyright : Geant4 Collaboration
                      Reference : NIM A 506 (2003), 250-303
                            WWW : http://cern.ch/geant4
*************************************************************

TestAssemblies2: not available via AGDD
TestAssemblies2 finished
No geometry is built.
