
*************************************************************
 Geant4 version Name: geant4-08-02-patch-01    (23-February-2007)
                      Copyright : Geant4 Collaboration
                      Reference : NIM A 506 (2003), 250-303
                            WWW : http://cern.ch/geant4
*************************************************************

Geant4 geometry will be defined via Geant4 and exported to Root
Basic material:  Material:    Basic     density:  2.700 g/cm3   temperature: 273.15 K  pressure:   1.00 atm  RadLength:   8.893 cm 
   --->  Element: Basic ( )   Z = 13.0   N =  27.0   A =  26.98 g/mole  ElmMassFraction: 100.00 %  ElmAbundance 100.00 %
TestReflections finished
Go to Import
VGM info:   Geant4GM::Factory::Import started ...
VGM info:   Importing isotope: 
VGM info:    Isotope:     H   Z =  1   N =   1   A =   1.01 g/mole
VGM info:   Importing isotope: 
VGM info:    Isotope:     H   Z =  1   N =   2   A =   2.01 g/mole
VGM info:   Importing isotope: 
VGM info:    Isotope:     C   Z =  6   N =  12   A =  12.00 g/mole
VGM info:   Importing isotope: 
VGM info:    Isotope:     C   Z =  6   N =  13   A =  13.00 g/mole
VGM info:   Importing isotope: 
VGM info:    Isotope:  U235   Z = 92   N = 235   A = 235.01 g/mole
VGM info:   Importing isotope: 
VGM info:    Isotope:  U238   Z = 92   N = 238   A = 238.03 g/mole
VGM info:   Importing element: 
VGM info:    Element: Basic ( )   Z = 13.0   N =  27.0   A =  26.98 g/mole
VGM info:   Importing element: 
VGM info:    Element: Nitrogen (N)   Z =  7.0   N =  14.0   A =  14.01 g/mole
VGM info:   Importing element: 
VGM info:    Element: Oxygen (O)   Z =  8.0   N =  16.0   A =  16.00 g/mole
VGM info:   Importing element: 
VGM info:    Element: H (H)   Z =  1.0   N =   1.0   A =   1.01 g/mole
   --->  Isotope:     H   Z =  1   N =   1   A =   1.01 g/mole   abundance:  99.99 %
   --->  Isotope:     H   Z =  1   N =   2   A =   2.01 g/mole   abundance:   0.01 %
VGM info:   Importing element: 
VGM info:    Element: C (C)   Z =  6.0   N =  12.0   A =  12.01 g/mole
   --->  Isotope:     C   Z =  6   N =  12   A =  12.00 g/mole   abundance:  98.93 %
   --->  Isotope:     C   Z =  6   N =  13   A =  13.00 g/mole   abundance:   1.07 %
VGM info:   Importing element: 
VGM info:    Element: enriched Uranium (U)   Z = 92.0   N = 235.3   A = 235.31 g/mole
   --->  Isotope:  U235   Z = 92   N = 235   A = 235.01 g/mole   abundance:  90.00 %
   --->  Isotope:  U238   Z = 92   N = 238   A = 238.03 g/mole   abundance:  10.00 %
VGM info:   Importing element: 
VGM info:    Element: Vacuum ( )   Z =  1.0   N =   1.0   A =   1.01 g/mole
VGM info:   Importing material: 
VGM info:    Material:    Basic     density:  2.700 g/cm3   temperature: 273.15 K  pressure:   1.00 atm  RadLength:   8.893 cm 
   --->  Element: Basic ( )   Z = 13.0   N =  27.0   A =  26.98 g/mole  ElmMassFraction: 100.00 %  ElmAbundance 100.00 %
VGM info:   Importing material: 
VGM info:    Material:      Air     density:  1.290 mg/cm3  temperature: 273.15 K  pressure:   1.00 atm  RadLength: 285.161 m  
   --->  Element: Nitrogen (N)   Z =  7.0   N =  14.0   A =  14.01 g/mole  ElmMassFraction:  70.00 %  ElmAbundance  72.71 %
   --->  Element: Oxygen (O)   Z =  8.0   N =  16.0   A =  16.00 g/mole  ElmMassFraction:  30.00 %  ElmAbundance  27.29 %
VGM info:   Importing material: 
VGM info:    Material: Scintillator     density:  1.032 g/cm3   temperature: 273.15 K  pressure:   1.00 atm  RadLength:  42.544 cm 
   --->  Element: C (C)   Z =  6.0   N =  12.0   A =  12.01 g/mole
   --->  Isotope:     C   Z =  6   N =  12   A =  12.00 g/mole   abundance:  98.93 %
   --->  Isotope:     C   Z =  6   N =  13   A =  13.00 g/mole   abundance:   1.07 %  ElmMassFraction:  91.47 %  ElmAbundance  47.37 %
   --->  Element: H (H)   Z =  1.0   N =   1.0   A =   1.01 g/mole
   --->  Isotope:     H   Z =  1   N =   1   A =   1.01 g/mole   abundance:  99.99 %
   --->  Isotope:     H   Z =  1   N =   2   A =   2.01 g/mole   abundance:   0.01 %  ElmMassFraction:   8.53 %  ElmAbundance  52.63 %
VGM info:   Importing material: 
VGM info:    Material:  Uranium     density: 13.610 g/cm3   temperature: 273.15 K  pressure:   1.00 atm  RadLength:   4.358 mm 
   --->  Element: enriched Uranium (U)   Z = 92.0   N = 235.3   A = 235.31 g/mole
   --->  Isotope:  U235   Z = 92   N = 235   A = 235.01 g/mole   abundance:  90.00 %
   --->  Isotope:  U238   Z = 92   N = 238   A = 238.03 g/mole   abundance:  10.00 %  ElmMassFraction: 100.00 %  ElmAbundance 100.00 %
VGM info:   Importing material: 
VGM info:    Material:   Vacuum     density:  0.000 mg/cm3  temperature:   2.73 K  pressure:   0.00 atm  RadLength: 204727576.737 pc 
   --->  Element: Vacuum ( )   Z =  1.0   N =   1.0   A =   1.01 g/mole  ElmMassFraction: 100.00 %  ElmAbundance 100.00 %
VGM info:   Importing LV: world
VGM info:   Importing solid: worldS
VGM info:   ImportDaughters for world
VGM info:   Importing LV: box
VGM info:   Importing solid: boxS
VGM info:   ImportDaughters for box
VGM info:   Importing LV: box_refl
VGM info:   Importing solid: boxS_refl
VGM info:   ImportDaughters for box_refl
VGM info:   Importing LV: cons
VGM info:   Importing solid: consS
VGM info:   ImportDaughters for cons
VGM info:   Importing LV: cons_refl
VGM info:   Importing solid: consS_refl
VGM info:   ImportDaughters for cons_refl
VGM info:   Importing LV: eltu
VGM info:   Importing solid: eltuS
VGM info:   ImportDaughters for eltu
VGM info:   Importing LV: eltu_refl
VGM info:   Importing solid: eltuS_refl
VGM info:   ImportDaughters for eltu_refl
VGM info:   Importing LV: para
VGM info:   Importing solid: paraS
VGM info:   ImportDaughters for para
VGM info:   Importing LV: para_refl
VGM info:   Importing solid: paraS_refl
VGM info:   ImportDaughters for para_refl
VGM info:   Importing LV: pcone
VGM info:   Importing solid: pconeS
VGM info:   ImportDaughters for pcone
VGM info:   Importing LV: pcone_refl
VGM info:   Importing solid: pconeS_refl
VGM info:   ImportDaughters for pcone_refl
VGM info:   Importing LV: phedra
VGM info:   Importing solid: phedraS
VGM info:   ImportDaughters for phedra
VGM info:   Importing LV: phedra_refl
VGM info:   Importing solid: phedraS_refl
VGM info:   ImportDaughters for phedra_refl
VGM info:   Importing LV: sphere
VGM info:   Importing solid: sphereS
VGM info:   ImportDaughters for sphere
VGM info:   Importing LV: sphere_refl
VGM info:   Importing solid: sphereS_refl
VGM info:   ImportDaughters for sphere_refl
VGM info:   Importing LV: torus
VGM info:   Importing solid: torusS
VGM info:   ImportDaughters for torus
VGM info:   Importing LV: torus_refl
VGM info:   Importing solid: torusS_refl
VGM info:   ImportDaughters for torus_refl
VGM info:   Importing LV: trap
VGM info:   Importing solid: trapS
VGM info:   ImportDaughters for trap
VGM info:   Importing LV: trap_refl
VGM info:   Importing solid: trapS_refl
VGM info:   ImportDaughters for trap_refl
VGM info:   Importing LV: trd
VGM info:   Importing solid: trdS
VGM info:   ImportDaughters for trd
VGM info:   Importing LV: trd_refl
VGM info:   Importing solid: trdS_refl
VGM info:   ImportDaughters for trd_refl
VGM info:   Importing LV: tubs
VGM info:   Importing solid: tubsS
VGM info:   ImportDaughters for tubs
VGM info:   Importing LV: tubs_refl
VGM info:   Importing solid: tubsS_refl
VGM info:   ImportDaughters for tubs_refl
VGM info:   Importing LV: ctubs
VGM info:   Importing solid: ctubs2
VGM info:   Importing solid: ctubs1
VGM info:   Importing solid: tubs
VGM info:   Importing solid: boxLow
VGM info:   Imported Boolean solid: 
VGM info:   Boolean  "ctubs1"  Subtraction: 
  ConstituentA = Tubs  "tubs"  rin = 200mm  rout = 300mm  hz = 904.121mm  sphi = -30deg  dphi = 280deg
  ConstituentB = Box  "boxLow"  hx = 843.746mm  hy = 843.746mm  hz = 468.117mm
  Displacement translation (object):  ( 0,  0,  -1213.6) mm 
  Displacement rotation (object):  (-140.268,  0,  0) deg    no reflectionZ
VGM info:   Importing solid: boxHigh
VGM info:   Imported Boolean solid: 
VGM info:   Boolean  "ctubs2"  Subtraction: 
  ConstituentA = Boolean  "ctubs1"  Subtraction: 
  ConstituentA = Tubs  "tubs"  rin = 200mm  rout = 300mm  hz = 904.121mm  sphi = -30deg  dphi = 280deg
  ConstituentB = Box  "boxLow"  hx = 843.746mm  hy = 843.746mm  hz = 468.117mm
  Displacement translation (object):  ( 0,  0,  -1213.6) mm 
  Displacement rotation (object):  (-140.268,  0,  0) deg    no reflectionZ
  ConstituentB = Box  "boxHigh"  hx = 658.394mm  hy = 658.394mm  hz = 361.921mm
  Displacement translation (object):  ( 0,  0,  968.753) mm 
  Displacement rotation (object):  (-5.90614,  -0,  0) deg    no reflectionZ
VGM info:   ImportDaughters for ctubs
VGM info:   Importing LV: ctubs_refl
VGM info:   Importing solid: ctubs2_refl
VGM info:   Imported Boolean solid: 
VGM info:   Boolean  "ctubs2"  Subtraction: 
  ConstituentA = Boolean  "ctubs1"  Subtraction: 
  ConstituentA = Tubs  "tubs"  rin = 200mm  rout = 300mm  hz = 904.121mm  sphi = -30deg  dphi = 280deg
  ConstituentB = Box  "boxLow"  hx = 843.746mm  hy = 843.746mm  hz = 468.117mm
  Displacement translation (object):  ( 0,  0,  -1213.6) mm 
  Displacement rotation (object):  (-140.268,  0,  0) deg    no reflectionZ
  ConstituentB = Box  "boxHigh"  hx = 658.394mm  hy = 658.394mm  hz = 361.921mm
  Displacement translation (object):  ( 0,  0,  968.753) mm 
  Displacement rotation (object):  (-5.90614,  -0,  0) deg    no reflectionZ
VGM info:   ImportDaughters for ctubs_refl
VGM info:   Import positions: 
VGM info:   0th volume: world  
VGM info:      0th daughter  lv=box vgmVol=box
VGM info:      1th daughter  lv=box_refl vgmVol=box_refl
VGM info:      2th daughter  lv=cons vgmVol=cons
VGM info:      3th daughter  lv=cons_refl vgmVol=cons_refl
VGM info:      4th daughter  lv=eltu vgmVol=eltu
VGM info:      5th daughter  lv=eltu_refl vgmVol=eltu_refl
VGM info:      6th daughter  lv=para vgmVol=para
VGM info:      7th daughter  lv=para_refl vgmVol=para_refl
VGM info:      8th daughter  lv=pcone vgmVol=pcone
VGM info:      9th daughter  lv=pcone_refl vgmVol=pcone_refl
VGM info:      10th daughter  lv=phedra vgmVol=phedra
VGM info:      11th daughter  lv=phedra_refl vgmVol=phedra_refl
VGM info:      12th daughter  lv=sphere vgmVol=sphere
VGM info:      13th daughter  lv=sphere_refl vgmVol=sphere_refl
VGM info:      14th daughter  lv=torus vgmVol=torus
VGM info:      15th daughter  lv=torus_refl vgmVol=torus_refl
VGM info:      16th daughter  lv=trap vgmVol=trap
VGM info:      17th daughter  lv=trap_refl vgmVol=trap_refl
VGM info:      18th daughter  lv=trd vgmVol=trd
VGM info:      19th daughter  lv=trd_refl vgmVol=trd_refl
VGM info:      20th daughter  lv=tubs vgmVol=tubs
VGM info:      21th daughter  lv=tubs_refl vgmVol=tubs_refl
VGM info:      22th daughter  lv=ctubs vgmVol=ctubs
VGM info:      23th daughter  lv=ctubs_refl vgmVol=ctubs_refl
VGM info:   1th volume: box  
VGM info:   2th volume: box_refl  
VGM info:   3th volume: cons  
VGM info:   4th volume: cons_refl  
VGM info:   5th volume: eltu  
VGM info:   6th volume: eltu_refl  
VGM info:   7th volume: para  
VGM info:   8th volume: para_refl  
VGM info:   9th volume: pcone  
VGM info:   10th volume: pcone_refl  
VGM info:   11th volume: phedra  
VGM info:   12th volume: phedra_refl  
VGM info:   13th volume: sphere  
VGM info:   14th volume: sphere_refl  
VGM info:   15th volume: torus  
VGM info:   16th volume: torus_refl  
VGM info:   17th volume: trap  
VGM info:   18th volume: trap_refl  
VGM info:   19th volume: trd  
VGM info:   20th volume: trd_refl  
VGM info:   21th volume: tubs  
VGM info:   22th volume: tubs_refl  
VGM info:   23th volume: ctubs  
VGM info:   24th volume: ctubs_refl  
VGM info:   
Geant4_GM_Factory factory solids store: 
   0th solid: Box  "worldS"  hx = 5000mm  hy = 3000mm  hz = 3000mm
   1th solid: Box  "boxS"  hx = 200mm  hy = 600mm  hz = 500mm
   2th solid: Box  "boxS"  hx = 200mm  hy = 600mm  hz = 500mm
   3th solid: Cons  "consS"  rin1 = 100mm  rout1 = 400mm  rin2 = 200mm  rout2 = 600mm  hz = 500mm  sphi = 0deg  dphi = 360deg
   4th solid: Cons  "consS"  rin1 = 200mm  rout1 = 600mm  rin2 = 100mm  rout2 = 400mm  hz = 500mm  sphi = 0deg  dphi = 360deg
   5th solid: Eltu  "eltuS"  dx = 200mm  dy = 300mm  hz = 500mm
   6th solid: Eltu  "eltuS"  dx = 200mm  dy = 300mm  hz = 500mm
   7th solid: Para  "paraS"  hx = 400mm  hy = 600mm  hz = 500mm  alpha = 30deg  theta = 30deg  phi = 30deg
   8th solid: Para  "paraS"  hx = 400mm  hy = 600mm  hz = 500mm  alpha = 30deg  theta = 150deg  phi = 30deg
   9th solid: Polycone  "pconeS"  sphi = 0deg  dphi = 360deg  nz = 3
   0th plane:  z = -500mm rin = 100mm rout = 500mm
   1th plane:  z = 100mm rin = 200mm rout = 300mm
   2th plane:  z = 400mm rin = 300mm rout = 600mm
   10th solid: Polycone  "pconeS"  sphi = 0deg  dphi = 360deg  nz = 3
   0th plane:  z = 500mm rin = 100mm rout = 500mm
   1th plane:  z = -100mm rin = 200mm rout = 300mm
   2th plane:  z = -400mm rin = 300mm rout = 600mm
   11th solid: Polygone  "phedraS"  sphi = 0deg  dphi = 360deg  nsides = 4  nz = 3
   0th plane:  z = -500mm rin = 100mm rout = 400mm
   1th plane:  z = 100mm rin = 200mm rout = 200mm
   2th plane:  z = 400mm rin = 300mm rout = 500mm
   12th solid: Polygone  "phedraS"  sphi = 0deg  dphi = 360deg  nsides = 4  nz = 3
   0th plane:  z = 500mm rin = 100mm rout = 400mm
   1th plane:  z = -100mm rin = 200mm rout = 200mm
   2th plane:  z = -400mm rin = 300mm rout = 500mm
   13th solid: Sphere  "sphereS"  rin = 200mm  rout = 600mm  sphi = 0deg  dphi = 360deg  stheta = 0deg  dtheta = 180deg
   14th solid: Sphere  "sphereS"  rin = 200mm  rout = 600mm  sphi = 0deg  dphi = 360deg  stheta = 0deg  dtheta = 180deg
   15th solid: Torus  "torusS"  rin = 200mm  rout = 300mm  rtor = 400mm  sphi = 0deg  dphi = 360deg
   16th solid: Torus  "torusS"  rin = 200mm  rout = 300mm  rtor = 400mm  sphi = 0deg  dphi = 360deg
   17th solid: Trap  "trapS"  hz = 300mm  theta = 25deg  phi = 35deg  hy1 = 200mm  hx1 = 100mm  hx2 = 150mm  alpha1 = 0deg  hy2 = 200mm  hx3 = 100mm  hx4 = 150mm  alpha2 = 0deg
   18th solid: Trap  "trapS"  hz = 300mm  theta = -25deg  phi = -35deg  hy1 = 200mm  hx1 = 100mm  hx2 = 150mm  alpha1 = 0deg  hy2 = 200mm  hx3 = 100mm  hx4 = 150mm  alpha2 = 0deg
   19th solid: Trd  "trdS"  hx1 = 200mm  hx2 = 300mm  hy1 = 400mm  hy2 = 500mm  hz = 500mm
   20th solid: Trd  "trdS"  hx1 = 300mm  hx2 = 200mm  hy1 = 500mm  hy2 = 400mm  hz = 500mm
   21th solid: Tubs  "tubsS"  rin = 200mm  rout = 400mm  hz = 500mm  sphi = 0deg  dphi = 360deg
   22th solid: Tubs  "tubsS"  rin = 200mm  rout = 400mm  hz = 500mm  sphi = 0deg  dphi = 360deg
   23th solid: Tubs  "tubs"  rin = 200mm  rout = 300mm  hz = 904.121mm  sphi = -30deg  dphi = 280deg
   24th solid: Box  "boxLow"  hx = 843.746mm  hy = 843.746mm  hz = 468.117mm
   25th solid: Boolean  "ctubs1"  Subtraction: 
  ConstituentA = Tubs  "tubs"  rin = 200mm  rout = 300mm  hz = 904.121mm  sphi = -30deg  dphi = 280deg
  ConstituentB = Box  "boxLow"  hx = 843.746mm  hy = 843.746mm  hz = 468.117mm
  Displacement translation (object):  ( 0,  0,  -1213.6) mm 
  Displacement rotation (object):  (-140.268,  0,  0) deg    no reflectionZ
   26th solid: Box  "boxHigh"  hx = 658.394mm  hy = 658.394mm  hz = 361.921mm
   27th solid: Boolean  "ctubs2"  Subtraction: 
  ConstituentA = Boolean  "ctubs1"  Subtraction: 
  ConstituentA = Tubs  "tubs"  rin = 200mm  rout = 300mm  hz = 904.121mm  sphi = -30deg  dphi = 280deg
  ConstituentB = Box  "boxLow"  hx = 843.746mm  hy = 843.746mm  hz = 468.117mm
  Displacement translation (object):  ( 0,  0,  -1213.6) mm 
  Displacement rotation (object):  (-140.268,  0,  0) deg    no reflectionZ
  ConstituentB = Box  "boxHigh"  hx = 658.394mm  hy = 658.394mm  hz = 361.921mm
  Displacement translation (object):  ( 0,  0,  968.753) mm 
  Displacement rotation (object):  (-5.90614,  -0,  0) deg    no reflectionZ
   28th solid: Boolean  "ctubs2"  Subtraction: 
  ConstituentA = Boolean  "ctubs1"  Subtraction: 
  ConstituentA = Tubs  "tubs"  rin = 200mm  rout = 300mm  hz = 904.121mm  sphi = -30deg  dphi = 280deg
  ConstituentB = Box  "boxLow"  hx = 843.746mm  hy = 843.746mm  hz = 468.117mm
  Displacement translation (object):  ( 0,  0,  -1213.6) mm 
  Displacement rotation (object):  (-140.268,  0,  0) deg    no reflectionZ
  ConstituentB = Box  "boxHigh"  hx = 658.394mm  hy = 658.394mm  hz = 361.921mm
  Displacement translation (object):  ( 0,  0,  968.753) mm 
  Displacement rotation (object):  (-5.90614,  -0,  0) deg    no reflectionZ
Geant4_GM_Factory factory volumes store: 
   0th: Volume: "world" material "Basic" solid "Box"  24 daughters: "box"  "box"  "cons"  "cons"  "eltu"  "eltu"  "para"  "para"  "pcone"  "pcone"  "phedra"  "phedra"  "sphere"  "sphere"  "torus"  "torus"  "trap"  "trap"  "trd"  "trd"  "tubs"  "tubs"  "ctubs"  "ctubs"  
   1th: Volume: "box" material "Basic" solid "Box"  0 daughters: 
   2th: Volume: "box_refl" material "Basic" solid "Box"  0 daughters: 
   3th: Volume: "cons" material "Basic" solid "Cons"  0 daughters: 
   4th: Volume: "cons_refl" material "Basic" solid "Cons"  0 daughters: 
   5th: Volume: "eltu" material "Basic" solid "Eltu"  0 daughters: 
   6th: Volume: "eltu_refl" material "Basic" solid "Eltu"  0 daughters: 
   7th: Volume: "para" material "Basic" solid "Para"  0 daughters: 
   8th: Volume: "para_refl" material "Basic" solid "Para"  0 daughters: 
   9th: Volume: "pcone" material "Basic" solid "Polycone"  0 daughters: 
   10th: Volume: "pcone_refl" material "Basic" solid "Polycone"  0 daughters: 
   11th: Volume: "phedra" material "Basic" solid "Polygone"  0 daughters: 
   12th: Volume: "phedra_refl" material "Basic" solid "Polygone"  0 daughters: 
   13th: Volume: "sphere" material "Basic" solid "Sphere"  0 daughters: 
   14th: Volume: "sphere_refl" material "Basic" solid "Sphere"  0 daughters: 
   15th: Volume: "torus" material "Basic" solid "Torus"  0 daughters: 
   16th: Volume: "torus_refl" material "Basic" solid "Torus"  0 daughters: 
   17th: Volume: "trap" material "Basic" solid "Trap"  0 daughters: 
   18th: Volume: "trap_refl" material "Basic" solid "Trap"  0 daughters: 
   19th: Volume: "trd" material "Basic" solid "Trd"  0 daughters: 
   20th: Volume: "trd_refl" material "Basic" solid "Trd"  0 daughters: 
   21th: Volume: "tubs" material "Basic" solid "Tubs"  0 daughters: 
   22th: Volume: "tubs_refl" material "Basic" solid "Tubs"  0 daughters: 
   23th: Volume: "ctubs" material "Basic" solid "Boolean"  0 daughters: 
   24th: Volume: "ctubs_refl" material "Basic" solid "Boolean"  0 daughters: 
VGM info:   Geant4GM::Factory::Import finished.
Import finished
Go to export
VGM info:   Exporting isotope: 
VGM info:   Isotope: "H"    Z = 1  N = 1  A = 1.00783 g/mole
VGM info:   Exporting isotope: 
VGM info:   Isotope: "H"    Z = 1  N = 2  A = 2.0141 g/mole
VGM info:   Exporting isotope: 
VGM info:   Isotope: "C"    Z = 6  N = 12  A = 12 g/mole
VGM info:   Exporting isotope: 
VGM info:   Isotope: "C"    Z = 6  N = 13  A = 13.0034 g/mole
VGM info:   Exporting isotope: 
VGM info:   Isotope: "U235"    Z = 92  N = 235  A = 235.01 g/mole
VGM info:   Exporting isotope: 
VGM info:   Isotope: "U238"    Z = 92  N = 238  A = 238.03 g/mole
VGM info:   Exporting element: 
VGM info:   Element: "Basic"  " "  Z = 13  N = 26.98  A = 26.98 g/mole
VGM info:   Exporting element: 
VGM info:   Element: "Nitrogen"  "N"  Z = 7  N = 14.01  A = 14.01 g/mole
VGM info:   Exporting element: 
VGM info:   Element: "Oxygen"  "O"  Z = 8  N = 16  A = 16 g/mole
VGM info:   Exporting element: 
VGM info:   Element: "H"  "H"  Z = 1  N = 1.00012  A = 1.00795 g/mole
     0th isotope: Isotope: "H"    Z = 1  N = 1  A = 1.00783 g/mole  abundance: 99.9885%
     1th isotope: Isotope: "H"    Z = 1  N = 2  A = 2.0141 g/mole  abundance: 0.0115%
VGM info:   Exporting element: 
VGM info:   Element: "C"  "C"  Z = 6  N = 12.0107  A = 12.0107 g/mole
     0th isotope: Isotope: "C"    Z = 6  N = 12  A = 12 g/mole  abundance: 98.93%
     1th isotope: Isotope: "C"    Z = 6  N = 13  A = 13.0034 g/mole  abundance: 1.07%
VGM info:   Exporting element: 
VGM info:   Element: "enriched Uranium"  "U"  Z = 92  N = 235.3  A = 235.312 g/mole
     0th isotope: Isotope: "U235"    Z = 92  N = 235  A = 235.01 g/mole  abundance: 90%
     1th isotope: Isotope: "U238"    Z = 92  N = 238  A = 238.03 g/mole  abundance: 10%
VGM info:   Exporting element: 
VGM info:   Element: "Vacuum"  " "  Z = 1  N = 1.01  A = 1.01 g/mole
VGM info:   Exporting material: 
VGM info:   Material: "Basic"  density 2.7 g/cm3  radlen 8.89253 cm  intlen 38.8793 cm  state "Solid"  temperature 273.15 kelvin  pressure 1 atm
   0th element: Element: "Basic"  " "  Z = 13  N = 26.98  A = 26.98 g/mole  Elm mass fraction: 100 %
VGM info:   Exporting material: 
VGM info:   Material: "Air"  density 0.00129 g/cm3  radlen 28516.1 cm  intlen 66268 cm  state "Gas"  temperature 273.15 kelvin  pressure 1 atm
   0th element: Element: "Nitrogen"  "N"  Z = 7  N = 14.01  A = 14.01 g/mole  Elm mass fraction: 70 %
   1th element: Element: "Oxygen"  "O"  Z = 8  N = 16  A = 16 g/mole  Elm mass fraction: 30 %
VGM info:   Exporting material: 
VGM info:   Material: "Scintillator"  density 1.032 g/cm3  radlen 42.5442 cm  intlen 70.0657 cm  state "Solid"  temperature 273.15 kelvin  pressure 1 atm
   0th element: Element: "C"  "C"  Z = 6  N = 12.0107  A = 12.0107 g/mole
     0th isotope: Isotope: "C"    Z = 6  N = 12  A = 12 g/mole  abundance: 98.93%
     1th isotope: Isotope: "C"    Z = 6  N = 13  A = 13.0034 g/mole  abundance: 1.07%  Elm mass fraction: 91.4708 %
   1th element: Element: "H"  "H"  Z = 1  N = 1.00012  A = 1.00795 g/mole
     0th isotope: Isotope: "H"    Z = 1  N = 1  A = 1.00783 g/mole  abundance: 99.9885%
     1th isotope: Isotope: "H"    Z = 1  N = 2  A = 2.0141 g/mole  abundance: 0.0115%  Elm mass fraction: 8.52919 %
VGM info:   Exporting material: 
VGM info:   Material: "Uranium"  density 13.61 g/cm3  radlen 0.43583 cm  intlen 15.8772 cm  state "Solid"  temperature 273.15 kelvin  pressure 1 atm
   0th element: Element: "enriched Uranium"  "U"  Z = 92  N = 235.3  A = 235.312 g/mole
     0th isotope: Isotope: "U235"    Z = 92  N = 235  A = 235.01 g/mole  abundance: 90%
     1th isotope: Isotope: "U238"    Z = 92  N = 238  A = 238.03 g/mole  abundance: 10%  Elm mass fraction: 100 %
VGM info:   Exporting material: 
VGM info:   Material: "Vacuum"  density 1e-25 g/cm3  radlen 6.31723e+26 cm  intlen 3.51163e+26 cm  state "Gas"  temperature 2.73 kelvin  pressure 2.96077e-23 atm
   0th element: Element: "Vacuum"  " "  Z = 1  N = 1.01  A = 1.01 g/mole  Elm mass fraction: 100 %
VGM info:   Generation medium for material: 
VGM info:   Material: "Basic"  density 2.7 g/cm3  radlen 8.89253 cm  intlen 38.8793 cm  state "Solid"  temperature 273.15 kelvin  pressure 1 atm
   0th element: Element: "Basic"  " "  Z = 13  N = 26.98  A = 26.98 g/mole  Elm mass fraction: 100 %
VGM info:   Generation medium for material: 
VGM info:   Material: "Air"  density 0.00129 g/cm3  radlen 28516.1 cm  intlen 66268 cm  state "Gas"  temperature 273.15 kelvin  pressure 1 atm
   0th element: Element: "Nitrogen"  "N"  Z = 7  N = 14.01  A = 14.01 g/mole  Elm mass fraction: 70 %
   1th element: Element: "Oxygen"  "O"  Z = 8  N = 16  A = 16 g/mole  Elm mass fraction: 30 %
VGM info:   Generation medium for material: 
VGM info:   Material: "Scintillator"  density 1.032 g/cm3  radlen 42.5442 cm  intlen 70.0657 cm  state "Solid"  temperature 273.15 kelvin  pressure 1 atm
   0th element: Element: "C"  "C"  Z = 6  N = 12.0107  A = 12.0107 g/mole
     0th isotope: Isotope: "C"    Z = 6  N = 12  A = 12 g/mole  abundance: 98.93%
     1th isotope: Isotope: "C"    Z = 6  N = 13  A = 13.0034 g/mole  abundance: 1.07%  Elm mass fraction: 91.4708 %
   1th element: Element: "H"  "H"  Z = 1  N = 1.00012  A = 1.00795 g/mole
     0th isotope: Isotope: "H"    Z = 1  N = 1  A = 1.00783 g/mole  abundance: 99.9885%
     1th isotope: Isotope: "H"    Z = 1  N = 2  A = 2.0141 g/mole  abundance: 0.0115%  Elm mass fraction: 8.52919 %
VGM info:   Generation medium for material: 
VGM info:   Material: "Uranium"  density 13.61 g/cm3  radlen 0.43583 cm  intlen 15.8772 cm  state "Solid"  temperature 273.15 kelvin  pressure 1 atm
   0th element: Element: "enriched Uranium"  "U"  Z = 92  N = 235.3  A = 235.312 g/mole
     0th isotope: Isotope: "U235"    Z = 92  N = 235  A = 235.01 g/mole  abundance: 90%
     1th isotope: Isotope: "U238"    Z = 92  N = 238  A = 238.03 g/mole  abundance: 10%  Elm mass fraction: 100 %
VGM info:   Generation medium for material: 
VGM info:   Material: "Vacuum"  density 1e-25 g/cm3  radlen 6.31723e+26 cm  intlen 3.51163e+26 cm  state "Gas"  temperature 2.73 kelvin  pressure 2.96077e-23 atm
   0th element: Element: "Vacuum"  " "  Z = 1  N = 1.01  A = 1.01 g/mole  Elm mass fraction: 100 %
VGM info:   Exporting volume store: 
VGM info:   Exporting solid: 
VGM info:      Box  "worldS"  hx = 5000mm  hy = 3000mm  hz = 3000mm
VGM info:      0th volume: world   material: Basic
VGM info:   Exporting solid: 
VGM info:      Box  "boxS"  hx = 200mm  hy = 600mm  hz = 500mm
VGM info:      1th volume: box   material: Basic
VGM info:   Exporting solid: 
VGM info:      Box  "boxS"  hx = 200mm  hy = 600mm  hz = 500mm
VGM info:      2th volume: box_refl   material: Basic
VGM info:   Exporting solid: 
VGM info:      Cons  "consS"  rin1 = 100mm  rout1 = 400mm  rin2 = 200mm  rout2 = 600mm  hz = 500mm  sphi = 0deg  dphi = 360deg
VGM info:      3th volume: cons   material: Basic
VGM info:   Exporting solid: 
VGM info:      Cons  "consS"  rin1 = 200mm  rout1 = 600mm  rin2 = 100mm  rout2 = 400mm  hz = 500mm  sphi = 0deg  dphi = 360deg
VGM info:      4th volume: cons_refl   material: Basic
VGM info:   Exporting solid: 
VGM info:      Eltu  "eltuS"  dx = 200mm  dy = 300mm  hz = 500mm
VGM info:      5th volume: eltu   material: Basic
VGM info:   Exporting solid: 
VGM info:      Eltu  "eltuS"  dx = 200mm  dy = 300mm  hz = 500mm
VGM info:      6th volume: eltu_refl   material: Basic
VGM info:   Exporting solid: 
VGM info:      Para  "paraS"  hx = 400mm  hy = 600mm  hz = 500mm  alpha = 30deg  theta = 30deg  phi = 30deg
VGM info:      7th volume: para   material: Basic
VGM info:   Exporting solid: 
VGM info:      Para  "paraS"  hx = 400mm  hy = 600mm  hz = 500mm  alpha = 30deg  theta = 150deg  phi = 30deg
VGM info:      8th volume: para_refl   material: Basic
VGM info:   Exporting solid: 
VGM info:      Polycone  "pconeS"  sphi = 0deg  dphi = 360deg  nz = 3
   0th plane:  z = -500mm rin = 100mm rout = 500mm
   1th plane:  z = 100mm rin = 200mm rout = 300mm
   2th plane:  z = 400mm rin = 300mm rout = 600mm
VGM info:      9th volume: pcone   material: Basic
VGM info:   Exporting solid: 
VGM info:      Polycone  "pconeS"  sphi = 0deg  dphi = 360deg  nz = 3
   0th plane:  z = 500mm rin = 100mm rout = 500mm
   1th plane:  z = -100mm rin = 200mm rout = 300mm
   2th plane:  z = -400mm rin = 300mm rout = 600mm
VGM info:      10th volume: pcone_refl   material: Basic
VGM info:   Exporting solid: 
VGM info:      Polygone  "phedraS"  sphi = 0deg  dphi = 360deg  nsides = 4  nz = 3
   0th plane:  z = -500mm rin = 100mm rout = 400mm
   1th plane:  z = 100mm rin = 200mm rout = 200mm
   2th plane:  z = 400mm rin = 300mm rout = 500mm
VGM info:      11th volume: phedra   material: Basic
VGM info:   Exporting solid: 
VGM info:      Polygone  "phedraS"  sphi = 0deg  dphi = 360deg  nsides = 4  nz = 3
   0th plane:  z = 500mm rin = 100mm rout = 400mm
   1th plane:  z = -100mm rin = 200mm rout = 200mm
   2th plane:  z = -400mm rin = 300mm rout = 500mm
VGM info:      12th volume: phedra_refl   material: Basic
VGM info:   Exporting solid: 
VGM info:      Sphere  "sphereS"  rin = 200mm  rout = 600mm  sphi = 0deg  dphi = 360deg  stheta = 0deg  dtheta = 180deg
VGM info:      13th volume: sphere   material: Basic
VGM info:   Exporting solid: 
VGM info:      Sphere  "sphereS"  rin = 200mm  rout = 600mm  sphi = 0deg  dphi = 360deg  stheta = 0deg  dtheta = 180deg
VGM info:      14th volume: sphere_refl   material: Basic
VGM info:   Exporting solid: 
VGM info:      Torus  "torusS"  rin = 200mm  rout = 300mm  rtor = 400mm  sphi = 0deg  dphi = 360deg
VGM info:      15th volume: torus   material: Basic
VGM info:   Exporting solid: 
VGM info:      Torus  "torusS"  rin = 200mm  rout = 300mm  rtor = 400mm  sphi = 0deg  dphi = 360deg
VGM info:      16th volume: torus_refl   material: Basic
VGM info:   Exporting solid: 
VGM info:      Trap  "trapS"  hz = 300mm  theta = 25deg  phi = 35deg  hy1 = 200mm  hx1 = 100mm  hx2 = 150mm  alpha1 = 0deg  hy2 = 200mm  hx3 = 100mm  hx4 = 150mm  alpha2 = 0deg
VGM info:      17th volume: trap   material: Basic
VGM info:   Exporting solid: 
VGM info:      Trap  "trapS"  hz = 300mm  theta = -25deg  phi = -35deg  hy1 = 200mm  hx1 = 100mm  hx2 = 150mm  alpha1 = 0deg  hy2 = 200mm  hx3 = 100mm  hx4 = 150mm  alpha2 = 0deg
VGM info:      18th volume: trap_refl   material: Basic
VGM info:   Exporting solid: 
VGM info:      Trd  "trdS"  hx1 = 200mm  hx2 = 300mm  hy1 = 400mm  hy2 = 500mm  hz = 500mm
VGM info:      19th volume: trd   material: Basic
VGM info:   Exporting solid: 
VGM info:      Trd  "trdS"  hx1 = 300mm  hx2 = 200mm  hy1 = 500mm  hy2 = 400mm  hz = 500mm
VGM info:      20th volume: trd_refl   material: Basic
VGM info:   Exporting solid: 
VGM info:      Tubs  "tubsS"  rin = 200mm  rout = 400mm  hz = 500mm  sphi = 0deg  dphi = 360deg
VGM info:      21th volume: tubs   material: Basic
VGM info:   Exporting solid: 
VGM info:      Tubs  "tubsS"  rin = 200mm  rout = 400mm  hz = 500mm  sphi = 0deg  dphi = 360deg
VGM info:      22th volume: tubs_refl   material: Basic
VGM info:   Exporting solid: 
VGM info:      Boolean  "ctubs2"  Subtraction: 
  ConstituentA = Boolean  "ctubs1"  Subtraction: 
  ConstituentA = Tubs  "tubs"  rin = 200mm  rout = 300mm  hz = 904.121mm  sphi = -30deg  dphi = 280deg
  ConstituentB = Box  "boxLow"  hx = 843.746mm  hy = 843.746mm  hz = 468.117mm
  Displacement translation (object):  ( 0,  0,  -1213.6) mm 
  Displacement rotation (object):  (-140.268,  0,  0) deg    no reflectionZ
  ConstituentB = Box  "boxHigh"  hx = 658.394mm  hy = 658.394mm  hz = 361.921mm
  Displacement translation (object):  ( 0,  0,  968.753) mm 
  Displacement rotation (object):  (-5.90614,  -0,  0) deg    no reflectionZ
VGM info:   Exporting solid: 
VGM info:      Boolean  "ctubs1"  Subtraction: 
  ConstituentA = Tubs  "tubs"  rin = 200mm  rout = 300mm  hz = 904.121mm  sphi = -30deg  dphi = 280deg
  ConstituentB = Box  "boxLow"  hx = 843.746mm  hy = 843.746mm  hz = 468.117mm
  Displacement translation (object):  ( 0,  0,  -1213.6) mm 
  Displacement rotation (object):  (-140.268,  0,  0) deg    no reflectionZ
VGM info:   Exporting solid: 
VGM info:      Tubs  "tubs"  rin = 200mm  rout = 300mm  hz = 904.121mm  sphi = -30deg  dphi = 280deg
VGM info:   Exporting solid: 
VGM info:      Box  "boxLow"  hx = 843.746mm  hy = 843.746mm  hz = 468.117mm
VGM info:   Exporting solid: 
VGM info:      Box  "boxHigh"  hx = 658.394mm  hy = 658.394mm  hz = 361.921mm
VGM info:      23th volume: ctubs   material: Basic
VGM info:   Exporting solid: 
VGM info:      Boolean  "ctubs2"  Subtraction: 
  ConstituentA = Boolean  "ctubs1"  Subtraction: 
  ConstituentA = Tubs  "tubs"  rin = 200mm  rout = 300mm  hz = 904.121mm  sphi = -30deg  dphi = 280deg
  ConstituentB = Box  "boxLow"  hx = 843.746mm  hy = 843.746mm  hz = 468.117mm
  Displacement translation (object):  ( 0,  0,  -1213.6) mm 
  Displacement rotation (object):  (-140.268,  0,  0) deg    no reflectionZ
  ConstituentB = Box  "boxHigh"  hx = 658.394mm  hy = 658.394mm  hz = 361.921mm
  Displacement translation (object):  ( 0,  0,  968.753) mm 
  Displacement rotation (object):  (-5.90614,  -0,  0) deg    no reflectionZ
VGM info:   Exporting solid: 
VGM info:      Boolean  "ctubs1"  Subtraction: 
  ConstituentA = Tubs  "tubs"  rin = 200mm  rout = 300mm  hz = 904.121mm  sphi = -30deg  dphi = 280deg
  ConstituentB = Box  "boxLow"  hx = 843.746mm  hy = 843.746mm  hz = 468.117mm
  Displacement translation (object):  ( 0,  0,  -1213.6) mm 
  Displacement rotation (object):  (-140.268,  0,  0) deg    no reflectionZ
VGM info:   Exporting solid: 
VGM info:      Tubs  "tubs"  rin = 200mm  rout = 300mm  hz = 904.121mm  sphi = -30deg  dphi = 280deg
VGM info:   Exporting solid: 
VGM info:      Box  "boxLow"  hx = 843.746mm  hy = 843.746mm  hz = 468.117mm
VGM info:   Exporting solid: 
VGM info:      Box  "boxHigh"  hx = 658.394mm  hy = 658.394mm  hz = 361.921mm
VGM info:      24th volume: ctubs_refl   material: Basic
VGM info:   ExportPlacements for 0th volume world
VGM info:      0th daughter vol = box  simple placement: box
VGM info:      1th daughter vol = box  simple placement: box
VGM info:      2th daughter vol = cons  simple placement: cons
VGM info:      3th daughter vol = cons  simple placement: cons
VGM info:      4th daughter vol = eltu  simple placement: eltu
VGM info:      5th daughter vol = eltu  simple placement: eltu
VGM info:      6th daughter vol = para  simple placement: para
VGM info:      7th daughter vol = para  simple placement: para
VGM info:      8th daughter vol = pcone  simple placement: pcone
VGM info:      9th daughter vol = pcone  simple placement: pcone
VGM info:      10th daughter vol = phedra  simple placement: phedra
VGM info:      11th daughter vol = phedra  simple placement: phedra
VGM info:      12th daughter vol = sphere  simple placement: sphere
VGM info:      13th daughter vol = sphere  simple placement: sphere
VGM info:      14th daughter vol = torus  simple placement: torus
VGM info:      15th daughter vol = torus  simple placement: torus
VGM info:      16th daughter vol = trap  simple placement: trap
VGM info:      17th daughter vol = trap  simple placement: trap
VGM info:      18th daughter vol = trd  simple placement: trd
VGM info:      19th daughter vol = trd  simple placement: trd
VGM info:      20th daughter vol = tubs  simple placement: tubs
VGM info:      21th daughter vol = tubs  simple placement: tubs
VGM info:      22th daughter vol = ctubs  simple placement: ctubs
VGM info:      23th daughter vol = ctubs  simple placement: ctubs
VGM info:   ExportPlacements for 1th volume box
VGM info:   ExportPlacements for 2th volume box_refl
VGM info:   ExportPlacements for 3th volume cons
VGM info:   ExportPlacements for 4th volume cons_refl
VGM info:   ExportPlacements for 5th volume eltu
VGM info:   ExportPlacements for 6th volume eltu_refl
VGM info:   ExportPlacements for 7th volume para
VGM info:   ExportPlacements for 8th volume para_refl
VGM info:   ExportPlacements for 9th volume pcone
VGM info:   ExportPlacements for 10th volume pcone_refl
VGM info:   ExportPlacements for 11th volume phedra
VGM info:   ExportPlacements for 12th volume phedra_refl
VGM info:   ExportPlacements for 13th volume sphere
VGM info:   ExportPlacements for 14th volume sphere_refl
VGM info:   ExportPlacements for 15th volume torus
VGM info:   ExportPlacements for 16th volume torus_refl
VGM info:   ExportPlacements for 17th volume trap
VGM info:   ExportPlacements for 18th volume trap_refl
VGM info:   ExportPlacements for 19th volume trd
VGM info:   ExportPlacements for 20th volume trd_refl
VGM info:   ExportPlacements for 21th volume tubs
VGM info:   ExportPlacements for 22th volume tubs_refl
VGM info:   ExportPlacements for 23th volume ctubs
VGM info:   ExportPlacements for 24th volume ctubs_refl
Export finished
