Geant4 geometry will be defined via Geant4

*************************************************************
 Geant4 version Name: geant4-09-04    (17-December-2010)
                      Copyright : Geant4 Collaboration
                      Reference : NIM A 506 (2003), 250-303
                            WWW : http://cern.ch/geant4
*************************************************************

Visualization Manager instantiating with verbosity "warnings (3)"...
TestPlacements finished
Go to Import
VGM info:   Geant4GM::Factory::Import started ...
VGM info:   Importing isotope: 
VGM info:    Isotope:    H1   Z =  1   N =   1   A =   1.01 g/mole
VGM info:   Importing isotope: 
VGM info:    Isotope:    H2   Z =  1   N =   2   A =   2.01 g/mole
VGM info:   Importing isotope: 
VGM info:    Isotope:   C12   Z =  6   N =  12   A =  12.00 g/mole
VGM info:   Importing isotope: 
VGM info:    Isotope:   C13   Z =  6   N =  13   A =  13.00 g/mole
VGM info:   Importing isotope: 
VGM info:    Isotope:  U235   Z = 92   N = 235   A = 235.01 g/mole
VGM info:   Importing isotope: 
VGM info:    Isotope:  U238   Z = 92   N = 238   A = 238.03 g/mole
VGM info:   Importing element: 
VGM info:    Element: Basic ( )   Z = 13.0   N =  27.0   A =  26.98 g/mole
VGM info:   Importing element: 
VGM info:    Element: Nitrogen (N)   Z =  7.0   N =  14.0   A =  14.01 g/mole
VGM info:   Importing element: 
VGM info:    Element: Oxygen (O)   Z =  8.0   N =  16.0   A =  16.00 g/mole
VGM info:   Importing element: 
VGM info:    Element: H (H)   Z =  1.0   N =   1.0   A =   1.01 g/mole
   --->  Isotope:    H1   Z =  1   N =   1   A =   1.01 g/mole   abundance:  99.99 %
   --->  Isotope:    H2   Z =  1   N =   2   A =   2.01 g/mole   abundance:   0.01 %
VGM info:   Importing element: 
VGM info:    Element: C (C)   Z =  6.0   N =  12.0   A =  12.01 g/mole
   --->  Isotope:   C12   Z =  6   N =  12   A =  12.00 g/mole   abundance:  98.93 %
   --->  Isotope:   C13   Z =  6   N =  13   A =  13.00 g/mole   abundance:   1.07 %
VGM info:   Importing element: 
VGM info:    Element: enriched Uranium (U)   Z = 92.0   N = 235.3   A = 235.31 g/mole
   --->  Isotope:  U235   Z = 92   N = 235   A = 235.01 g/mole   abundance:  90.00 %
   --->  Isotope:  U238   Z = 92   N = 238   A = 238.03 g/mole   abundance:  10.00 %
VGM info:   Importing element: 
VGM info:    Element: Vacuum ( )   Z =  1.0   N =   1.0   A =   1.01 g/mole
VGM info:   Importing material: 
VGM info:    Material:    Basic     density:  2.700 g/cm3   RadL:   8.893 cm   Nucl.Int.Length:  38.860 cm   Imean: 166.000 eV 
   --->  Element: Basic ( )   Z = 13.0   N =  27.0   A =  26.98 g/mole  ElmMassFraction: 100.00 %  ElmAbundance 100.00 %
VGM info:   Importing material: 
VGM info:    Material:      Air     density:  1.290 mg/cm3  RadL: 285.161 m    Nucl.Int.Length: 662.904 m    Imean:  85.703 eV   temperature: 273.15 K  pressure:   1.00 atm
   --->  Element: Nitrogen (N)   Z =  7.0   N =  14.0   A =  14.01 g/mole  ElmMassFraction:  70.00 %  ElmAbundance  72.71 %
   --->  Element: Oxygen (O)   Z =  8.0   N =  16.0   A =  16.00 g/mole  ElmMassFraction:  30.00 %  ElmAbundance  27.29 %
VGM info:   Importing material: 
VGM info:    Material: Scintillator     density:  1.032 g/cm3   RadL:  42.544 cm   Nucl.Int.Length:  70.101 cm   Imean:  64.684 eV 
   --->  Element: C (C)   Z =  6.0   N =  12.0   A =  12.01 g/mole
   --->  Isotope:   C12   Z =  6   N =  12   A =  12.00 g/mole   abundance:  98.93 %
   --->  Isotope:   C13   Z =  6   N =  13   A =  13.00 g/mole   abundance:   1.07 %  ElmMassFraction:  91.47 %  ElmAbundance  47.37 %
   --->  Element: H (H)   Z =  1.0   N =   1.0   A =   1.01 g/mole
   --->  Isotope:    H1   Z =  1   N =   1   A =   1.01 g/mole   abundance:  99.99 %
   --->  Isotope:    H2   Z =  1   N =   2   A =   2.01 g/mole   abundance:   0.01 %  ElmMassFraction:   8.53 %  ElmAbundance  52.63 %
VGM info:   Importing material: 
VGM info:    Material:  Uranium     density: 13.610 g/cm3   RadL:   4.358 mm   Nucl.Int.Length:  15.891 cm   Imean: 890.000 eV 
   --->  Element: enriched Uranium (U)   Z = 92.0   N = 235.3   A = 235.31 g/mole
   --->  Isotope:  U235   Z = 92   N = 235   A = 235.01 g/mole   abundance:  90.00 %
   --->  Isotope:  U238   Z = 92   N = 238   A = 238.03 g/mole   abundance:  10.00 %  ElmMassFraction: 100.00 %  ElmAbundance 100.00 %
VGM info:   Importing material: 
VGM info:    Material:   Vacuum     density:  0.000 kg/m3   RadL: 204727512.315 pc   Nucl.Int.Length: 114561548.020 pc   Imean:  19.200 eV   temperature:   2.73 K  pressure:   0.00 atm
   --->  Element: Vacuum ( )   Z =  1.0   N =   1.0   A =   1.01 g/mole  ElmMassFraction: 100.00 %  ElmAbundance 100.00 %
VGM info:   Importing LV: world
VGM info:   Importing solid: worldS
VGM info:      Imported solid: Box  "worldS"  hx = 6000mm  hy = 1000mm  hz = 6000mm
VGM info:   ImportDaughters for world
VGM info:   Importing LV: layerA
VGM info:   Importing solid: boxA
VGM info:      Imported solid: Box  "boxA"  hx = 200mm  hy = 600mm  hz = 500mm
VGM info:   ImportDaughters for layerA
VGM info:   Importing LV: layerB
VGM info:   Importing solid: boxB
VGM info:      Imported solid: Box  "boxB"  hx = 200mm  hy = 100mm  hz = 500mm
VGM info:   ImportDaughters for layerB
VGM info:   Importing LV: layerC
VGM info:   Importing solid: boxC
VGM info:      Imported solid: Box  "boxC"  hx = 200mm  hy = 2mm  hz = 500mm
VGM info:   ImportDaughters for layerC
VGM info:   Import positions: 
VGM info:   0th volume: world  
VGM info:      0th daughter  pv = layerA  lv = layerA vgmPl = layerA vgmVol = layerA
VGM info:      1th daughter  pv = layerA  lv = layerA vgmPl = layerA vgmVol = layerA
VGM info:      2th daughter  pv = layerA  lv = layerA vgmPl = layerA vgmVol = layerA
VGM info:      3th daughter  pv = layerA  lv = layerA vgmPl = layerA vgmVol = layerA
VGM info:      4th daughter  pv = layerA  lv = layerA vgmPl = layerA vgmVol = layerA
VGM info:      5th daughter  pv = layerA  lv = layerA vgmPl = layerA vgmVol = layerA
VGM info:      6th daughter  pv = layerA  lv = layerA vgmPl = layerA vgmVol = layerA
VGM info:      7th daughter  pv = layerA  lv = layerA vgmPl = layerA vgmVol = layerA
VGM info:      8th daughter  pv = layerA  lv = layerA vgmPl = layerA vgmVol = layerA
VGM info:      9th daughter  pv = layerA  lv = layerA vgmPl = layerA vgmVol = layerA
VGM info:      10th daughter  pv = layerA  lv = layerA vgmPl = layerA vgmVol = layerA
VGM info:      11th daughter  pv = layerA  lv = layerA vgmPl = layerA vgmVol = layerA
VGM info:      12th daughter  pv = layerA  lv = layerA vgmPl = layerA vgmVol = layerA
VGM info:      13th daughter  pv = layerA  lv = layerA vgmPl = layerA vgmVol = layerA
VGM info:      14th daughter  pv = layerA  lv = layerA vgmPl = layerA vgmVol = layerA
VGM info:      15th daughter  pv = layerA  lv = layerA vgmPl = layerA vgmVol = layerA
VGM info:      16th daughter  pv = layerA  lv = layerA vgmPl = layerA vgmVol = layerA
VGM info:      17th daughter  pv = layerA  lv = layerA vgmPl = layerA vgmVol = layerA
VGM info:      18th daughter  pv = layerA  lv = layerA vgmPl = layerA vgmVol = layerA
VGM info:      19th daughter  pv = layerA  lv = layerA vgmPl = layerA vgmVol = layerA
VGM info:      20th daughter  pv = layerA  lv = layerA vgmPl = layerA vgmVol = layerA
VGM info:      21th daughter  pv = layerA  lv = layerA vgmPl = layerA vgmVol = layerA
VGM info:      22th daughter  pv = layerA  lv = layerA vgmPl = layerA vgmVol = layerA
VGM info:      23th daughter  pv = layerA  lv = layerA vgmPl = layerA vgmVol = layerA
VGM info:   1th volume: layerA  
VGM info:      0th daughter  pv = layerB  lv = layerB vgmPl = layerB vgmVol = layerB
VGM info:   2th volume: layerB  
VGM info:      0th daughter  pv = layerC  lv = layerC vgmPl = layerC vgmVol = layerC
VGM info:      1th daughter  pv = layerC  lv = layerC vgmPl = layerC vgmVol = layerC
VGM info:   3th volume: layerC  
VGM info:   
Geant4_GM_Factory factory solids store: 
   0th solid: Box  "worldS"  hx = 6000mm  hy = 1000mm  hz = 6000mm
   1th solid: Box  "boxA"  hx = 200mm  hy = 600mm  hz = 500mm
   2th solid: Box  "boxB"  hx = 200mm  hy = 100mm  hz = 500mm
   3th solid: Box  "boxC"  hx = 200mm  hy = 2mm  hz = 500mm
Geant4_GM_Factory factory volumes store: 
   0th: Volume: "world" material "Vacuum" solid "Box"  24 daughters: "layerA"  "layerA"  "layerA"  "layerA"  "layerA"  "layerA"  "layerA"  "layerA"  "layerA"  "layerA"  "layerA"  "layerA"  "layerA"  "layerA"  "layerA"  "layerA"  "layerA"  "layerA"  "layerA"  "layerA"  "layerA"  "layerA"  "layerA"  "layerA"  
   1th: Volume: "layerA" material "Air" solid "Box"  1 daughters: "layerB"  
   2th: Volume: "layerB" material "Uranium" solid "Box"  2 daughters: "layerC"  "layerC"  
   3th: Volume: "layerC" material "Scintillator" solid "Box"  0 daughters: 
VGM info:   Geant4GM::Factory::Import finished.
Import finished
Visualization Manager initialising...
Registering graphics systems...

You have successfully registered the following graphics systems.
Current available graphics systems are:
  ASCIITree (ATree)
  DAWNFILE (DAWNFILE)
  G4HepRep (HepRepXML)
  G4HepRepFile (HepRepFile)
  RayTracer (RayTracer)
  VRML1FILE (VRML1FILE)
  VRML2FILE (VRML2FILE)
  gMocrenFile (gMocrenFile)
  FukuiRenderer (DAWN)
  OpenGLStoredX (OGL)
  OpenGLImmediateX (OGLI)
  OpenGLStoredX (OGLS)
  OpenGLImmediateX (OGLIX)
  OpenGLStoredX (OGLSX)
  OpenGLImmediateXm (OGLIXm)
  OpenGLStoredXm (OGLSXm)
  OpenInventorXt (OI)
  OpenInventorXt (OIX)
  VRML1 (VRML1)
  VRML2 (VRML2)

Registering model factories...

You have successfully registered the following model factories.
Registered model factories:
  generic
  drawByCharge
  drawByParticleID
  drawByOriginVolume
  drawByAttribute

Registered filter factories:
  chargeFilter
  particleFilter
  originVolumeFilter
  attributeFilter

Graphics systems deleted.
Visualization Manager deleting...
