
*************************************************************
 Geant4 version Name: geant4-08-00    (16-December-2005)
                      Copyright : Geant4 Collaboration
                      Reference : NIM A 506 (2003), 250-303
                            WWW : http://cern.ch/geant4
*************************************************************

Geant4 geometry will be defined via Geant4 and exported to Root
Basic material:  Material:    Basic     density:  2.700 g/cm3   temperature: 273.15 K  pressure:   1.00 atm  RadLength:   8.893 cm 
   --->  Element: Basic ( )   Z = 13.0   N =  27.0   A =  26.98 g/mole  fractionMass: 100.00 %  Abundance 100.00 %
TestSolids finished
Go to Import
VGM info:   Geant4GM::Factory::Import started ...
VGM info:   Importing element: 
VGM info:    Element: Basic ( )   Z = 13.0   N =  27.0   A =  26.98 g/mole
VGM info:   Importing element: 
VGM info:    Element: Nitrogen (N)   Z =  7.0   N =  14.0   A =  14.01 g/mole
VGM info:   Importing element: 
VGM info:    Element: Oxygen (O)   Z =  8.0   N =  16.0   A =  16.00 g/mole
VGM info:   Importing element: 
VGM info:    Element: Vacuum ( )   Z =  1.0   N =   1.0   A =   1.01 g/mole
VGM info:   Importing material: 
VGM info:    Material:    Basic     density:  2.700 g/cm3   temperature: 273.15 K  pressure:   1.00 atm  RadLength:   8.893 cm 
   --->  Element: Basic ( )   Z = 13.0   N =  27.0   A =  26.98 g/mole  fractionMass: 100.00 %  Abundance 100.00 %
VGM info:   Importing material: 
VGM info:    Material:      Air     density:  1.290 kg/m3   temperature: 273.15 K  pressure:   1.00 atm  RadLength: 285.161 m  
   --->  Element: Nitrogen (N)   Z =  7.0   N =  14.0   A =  14.01 g/mole  fractionMass:  70.00 %  Abundance  72.71 %
   --->  Element: Oxygen (O)   Z =  8.0   N =  16.0   A =  16.00 g/mole  fractionMass:  30.00 %  Abundance  27.29 %
VGM info:   Importing material: 
VGM info:    Material:   Vacuum     density:  0.000 kg/m3   temperature:   0.00 K  pressure:   0.00 atm  RadLength: 204727576.737 pc 
   --->  Element: Vacuum ( )   Z =  1.0   N =   1.0   A =   1.01 g/mole  fractionMass: 100.00 %  Abundance 100.00 %
VGM info:   Importing LV: worldV
VGM info:   Importing solid: worldS
VGM info:   ImportDaughters for worldV
VGM info:   Importing LV: boxV
VGM info:   Importing solid: boxS
VGM info:   ImportDaughters for boxV
VGM info:   Importing LV: consV
VGM info:   Importing solid: consS
VGM info:   ImportDaughters for consV
VGM info:   Importing LV: eltuV
VGM info:   Importing solid: eltuS
VGM info:   ImportDaughters for eltuV
VGM info:   Importing LV: paraV
VGM info:   Importing solid: paraS
VGM info:   ImportDaughters for paraV
VGM info:   Importing LV: pconeV
VGM info:   Importing solid: pconeS
VGM info:   ImportDaughters for pconeV
VGM info:   Importing LV: phedraV
VGM info:   Importing solid: phedraS
VGM info:   ImportDaughters for phedraV
VGM info:   Importing LV: sphereV1
VGM info:   Importing solid: sphereS
VGM info:   ImportDaughters for sphereV1
VGM info:   Importing LV: torusV
VGM info:   Importing solid: torusS
VGM info:   ImportDaughters for torusV
VGM info:   Importing LV: trapV
VGM info:   Importing solid: trapS
VGM info:   ImportDaughters for trapV
VGM info:   Importing LV: trdV
VGM info:   Importing solid: trdS
VGM info:   ImportDaughters for trdV
VGM info:   Importing LV: tubsV
VGM info:   Importing solid: tubsS
VGM info:   ImportDaughters for tubsV
VGM info:   Import positions: 
VGM info:   0th volume: worldV  
VGM info:      0th daughter  lv=boxV vgmVol=boxV
VGM info:      1th daughter  lv=consV vgmVol=consV
VGM info:      2th daughter  lv=eltuV vgmVol=eltuV
VGM info:      3th daughter  lv=paraV vgmVol=paraV
VGM info:      4th daughter  lv=pconeV vgmVol=pconeV
VGM info:      5th daughter  lv=phedraV vgmVol=phedraV
VGM info:      6th daughter  lv=sphereV1 vgmVol=sphereV1
VGM info:      7th daughter  lv=torusV vgmVol=torusV
VGM info:      8th daughter  lv=trapV vgmVol=trapV
VGM info:      9th daughter  lv=trdV vgmVol=trdV
VGM info:      10th daughter  lv=tubsV vgmVol=tubsV
VGM info:   1th volume: boxV  
VGM info:   2th volume: consV  
VGM info:   3th volume: eltuV  
VGM info:   4th volume: paraV  
VGM info:   5th volume: pconeV  
VGM info:   6th volume: phedraV  
VGM info:   7th volume: sphereV1  
VGM info:   8th volume: torusV  
VGM info:   9th volume: trapV  
VGM info:   10th volume: trdV  
VGM info:   11th volume: tubsV  
VGM info:   
Geant4_GM_Factory factory solids store: 
   0th solid: Box  "worldS"  hx = 10000mm  hy = 10000mm  hz = 10000mm
   1th solid: Box  "boxS"  hx = 200mm  hy = 600mm  hz = 500mm
   2th solid: Cons  "consS"  rin1 = 100mm  rout1 = 400mm  rin2 = 200mm  rout2 = 600mm  hz = 500mm  sphi = 0deg  dphi = 360deg
   3th solid: Eltu  "eltuS"  dx = 200mm  dy = 300mm  hz = 500mm
   4th solid: Para  "paraS"  hx = 400mm  hy = 600mm  hz = 500mm  alpha = 30deg  theta = 30deg  phi = 30deg
   5th solid: Polycone  "pconeS"  sphi = 0deg  dphi = 360deg  nz = 3
   0th plane:  z = -500mm rin = 100mm rout = 500mm
   1th plane:  z = 100mm rin = 200mm rout = 300mm
   2th plane:  z = 400mm rin = 300mm rout = 600mm
   6th solid: Polygone  "phedraS"  sphi = 0deg  dphi = 360deg  nsides = 4  nz = 3
   0th plane:  z = -500mm rin = 100mm rout = 400mm
   1th plane:  z = 100mm rin = 200mm rout = 200mm
   2th plane:  z = 400mm rin = 300mm rout = 500mm
   7th solid: Sphere  "sphereS"  rin = 200mm  rout = 600mm  sphi = 0deg  dphi = 360deg  stheta = 0deg  dtheta = 180deg
   8th solid: Torus  "torusS"  rin = 200mm  rout = 300mm  rtor = 400mm  sphi = 0deg  dphi = 360deg
   9th solid: Trap  "trapS"  hz = 300mm  theta = 25deg  phi = 35deg  hy1 = 200mm  hx1 = 100mm  hx2 = 150mm  alpha1 = 0deg  hy2 = 200mm  hx3 = 100mm  hx4 = 150mm  alpha2 = 0deg
   10th solid: Trd  "trdS"  hx1 = 200mm  hx2 = 300mm  hy1 = 400mm  hy2 = 500mm  hz = 500mm
   11th solid: Tubs  "tubsS"  rin = 200mm  rout = 400mm  hz = 500mm  sphi = 0deg  dphi = 360deg
Geant4_GM_Factory factory volumes store: 
   0th: Volume: "worldV" material "Basic" solid "Box"  11 daughters: "box"  "cons"  "cons"  "para"  "pcone"  "phedra"  "sphere"  "torus"  "trap"  "trd"  "tubs"  
   1th: Volume: "boxV" material "Basic" solid "Box"  0 daughters: 
   2th: Volume: "consV" material "Basic" solid "Cons"  0 daughters: 
   3th: Volume: "eltuV" material "Basic" solid "Eltu"  0 daughters: 
   4th: Volume: "paraV" material "Basic" solid "Para"  0 daughters: 
   5th: Volume: "pconeV" material "Basic" solid "Polycone"  0 daughters: 
   6th: Volume: "phedraV" material "Basic" solid "Polygone"  0 daughters: 
   7th: Volume: "sphereV1" material "Basic" solid "Sphere"  0 daughters: 
   8th: Volume: "torusV" material "Basic" solid "Torus"  0 daughters: 
   9th: Volume: "trapV" material "Basic" solid "Trap"  0 daughters: 
   10th: Volume: "trdV" material "Basic" solid "Trd"  0 daughters: 
   11th: Volume: "tubsV" material "Basic" solid "Tubs"  0 daughters: 
VGM info:   Geant4GM::Factory::Import finished.
Import finished
Go to export
VGM info:   Exporting element: 
VGM info:   Element: "Basic"  " "  Z = 13  N = 26.98  A = 26.98 g/mole
VGM info:   Exporting element: 
VGM info:   Element: "Nitrogen"  "N"  Z = 7  N = 14.01  A = 14.01 g/mole
VGM info:   Exporting element: 
VGM info:   Element: "Oxygen"  "O"  Z = 8  N = 16  A = 16 g/mole
VGM info:   Exporting element: 
VGM info:   Element: "Vacuum"  " "  Z = 1  N = 1.01  A = 1.01 g/mole
VGM info:   Exporting material: 
VGM info:   Material: "Basic"  density 2.7 g/cm3  radlen 8.89253 cm  intlen 38.8793 cm
   0th element:   Z = 13  A = 26.98 g/mole  fractionMass = 100 %
VGM info:   Exporting material: 
VGM info:   Material: "Air"  density 0.00129 g/cm3  radlen 28516.1 cm  intlen 66268 cm
   0th element:   Z = 7  A = 14.01 g/mole  fractionMass = 70 %
   1th element:   Z = 8  A = 16 g/mole  fractionMass = 30 %
VGM info:   Exporting material: 
VGM info:   Material: "Vacuum"  density 1e-25 g/cm3  radlen 6.31723e+26 cm  intlen 3.51163e+26 cm
   0th element:   Z = 1  A = 1.01 g/mole  fractionMass = 100 %
VGM info:   Generation medium for material: 
VGM info:   Material: "Basic"  density 2.7 g/cm3  radlen 8.89253 cm  intlen 38.8793 cm
   0th element:   Z = 13  A = 26.98 g/mole  fractionMass = 100 %
VGM info:   Generation medium for material: 
VGM info:   Material: "Air"  density 0.00129 g/cm3  radlen 28516.1 cm  intlen 66268 cm
   0th element:   Z = 7  A = 14.01 g/mole  fractionMass = 70 %
   1th element:   Z = 8  A = 16 g/mole  fractionMass = 30 %
VGM info:   Generation medium for material: 
VGM info:   Material: "Vacuum"  density 1e-25 g/cm3  radlen 6.31723e+26 cm  intlen 3.51163e+26 cm
   0th element:   Z = 1  A = 1.01 g/mole  fractionMass = 100 %
VGM info:   Exporting volume store: 
VGM info:   Exporting solid: 
VGM info:      Box  "worldS"  hx = 10000mm  hy = 10000mm  hz = 10000mm
VGM info:      0th volume: worldV
VGM info:   Exporting solid: 
VGM info:      Box  "boxS"  hx = 200mm  hy = 600mm  hz = 500mm
VGM info:      1th volume: boxV
VGM info:   Exporting solid: 
VGM info:      Cons  "consS"  rin1 = 100mm  rout1 = 400mm  rin2 = 200mm  rout2 = 600mm  hz = 500mm  sphi = 0deg  dphi = 360deg
VGM info:      2th volume: consV
VGM info:   Exporting solid: 
VGM info:      Eltu  "eltuS"  dx = 200mm  dy = 300mm  hz = 500mm
VGM info:      3th volume: eltuV
VGM info:   Exporting solid: 
VGM info:      Para  "paraS"  hx = 400mm  hy = 600mm  hz = 500mm  alpha = 30deg  theta = 30deg  phi = 30deg
VGM info:      4th volume: paraV
VGM info:   Exporting solid: 
VGM info:      Polycone  "pconeS"  sphi = 0deg  dphi = 360deg  nz = 3
   0th plane:  z = -500mm rin = 100mm rout = 500mm
   1th plane:  z = 100mm rin = 200mm rout = 300mm
   2th plane:  z = 400mm rin = 300mm rout = 600mm
VGM info:      5th volume: pconeV
VGM info:   Exporting solid: 
VGM info:      Polygone  "phedraS"  sphi = 0deg  dphi = 360deg  nsides = 4  nz = 3
   0th plane:  z = -500mm rin = 100mm rout = 400mm
   1th plane:  z = 100mm rin = 200mm rout = 200mm
   2th plane:  z = 400mm rin = 300mm rout = 500mm
VGM info:      6th volume: phedraV
VGM info:   Exporting solid: 
VGM info:      Sphere  "sphereS"  rin = 200mm  rout = 600mm  sphi = 0deg  dphi = 360deg  stheta = 0deg  dtheta = 180deg
VGM info:      7th volume: sphereV1
VGM info:   Exporting solid: 
VGM info:      Torus  "torusS"  rin = 200mm  rout = 300mm  rtor = 400mm  sphi = 0deg  dphi = 360deg
VGM info:      8th volume: torusV
VGM info:   Exporting solid: 
VGM info:      Trap  "trapS"  hz = 300mm  theta = 25deg  phi = 35deg  hy1 = 200mm  hx1 = 100mm  hx2 = 150mm  alpha1 = 0deg  hy2 = 200mm  hx3 = 100mm  hx4 = 150mm  alpha2 = 0deg
VGM info:      9th volume: trapV
VGM info:   Exporting solid: 
VGM info:      Trd  "trdS"  hx1 = 200mm  hx2 = 300mm  hy1 = 400mm  hy2 = 500mm  hz = 500mm
VGM info:      10th volume: trdV
VGM info:   Exporting solid: 
VGM info:      Tubs  "tubsS"  rin = 200mm  rout = 400mm  hz = 500mm  sphi = 0deg  dphi = 360deg
VGM info:      11th volume: tubsV
VGM info:   ExportPlacements for 0th volume worldV
VGM info:      0th daughter vol = box  simple placement: box
VGM info:      1th daughter vol = cons  simple placement: cons
VGM info:      2th daughter vol = cons  simple placement: cons
VGM info:      3th daughter vol = para  simple placement: para
VGM info:      4th daughter vol = pcone  simple placement: pcone
VGM info:      5th daughter vol = phedra  simple placement: phedra
VGM info:      6th daughter vol = sphere  simple placement: sphere
VGM info:      7th daughter vol = torus  simple placement: torus
VGM info:      8th daughter vol = trap  simple placement: trap
VGM info:      9th daughter vol = trd  simple placement: trd
VGM info:      10th daughter vol = tubs  simple placement: tubs
VGM info:   ExportPlacements for 1th volume boxV
VGM info:   ExportPlacements for 2th volume consV
VGM info:   ExportPlacements for 3th volume eltuV
VGM info:   ExportPlacements for 4th volume paraV
VGM info:   ExportPlacements for 5th volume pconeV
VGM info:   ExportPlacements for 6th volume phedraV
VGM info:   ExportPlacements for 7th volume sphereV1
VGM info:   ExportPlacements for 8th volume torusV
VGM info:   ExportPlacements for 9th volume trapV
VGM info:   ExportPlacements for 10th volume trdV
VGM info:   ExportPlacements for 11th volume tubsV
Export finished
