Info in <TGeoManager::TGeoManager>: Geometry VGM Root geometry, VGM Root geometry created
Warning in <TGeoManager::Init>: Deleting previous geometry: VGM Root geometry/VGM Root geometry
Info in <TGeoManager::TGeoManager>: Geometry Test, Test geometry via Root created
Root geometry will be defined via Root

*************************************************************
 Geant4 version Name: geant4-09-02    (19-December-2008)
                      Copyright : Geant4 Collaboration
                      Reference : NIM A 506 (2003), 250-303
                            WWW : http://cern.ch/geant4
*************************************************************

Visualization Manager instantiating...
Info in <TGeoManager::SetTopVolume>: Top volume is world. Master volume is world
TestDisplacedSolids1 finished
Go to Import
Info in <TGeoManager::Export>: Exporting Test Test geometry via Root as root file. Optimizations streamed.
VGM info:   RootGM::Factory::Import started ...
VGM info:   Importing material: 
VGM info:   Material Basic    A=26.98 Z=13 rho=2.7 radlen=8.8751 index=0
VGM info:   Importing element: ALUMINIUM AL from material
VGM info:   Importing material: 
VGM info:   Mixture Air    Aeff=14.607 Zeff=7.3 rho=0.00129 radlen=28405.7 index=1
   Element #0 : N  Z=  7.00 A= 14.01 w= 0.700
   Element #1 : O  Z=  8.00 A= 16.00 w= 0.300
VGM info:   Importing element: NITROGEN N from material
VGM info:   Importing element: OXYGEN O from material
VGM info:   Importing material: 
VGM info:   Mixture Scintillator    Aeff=11.0723 Zeff=5.57354 rho=1.032 radlen=42.132 index=2
   Element #0 : C  Z=  6.00 A= 12.01 w= 0.915 natoms=9
   Element #1 : H  Z=  1.00 A=  1.01 w= 0.085 natoms=10
VGM info:   Importing element: CARBON C from TGeoTable
VGM info:   Importing element: HYDROGEN H from TGeoTable
VGM info:   Importing material: 
VGM info:   Material Uranium    A=235.31 Z=92 rho=13.61 radlen=0.436285 index=3
VGM info:   Importing element: URANIUM U from material
VGM info:   Importing material: 
VGM info:   Material Vacuum    A=0 Z=0 rho=0 radlen=0 index=4
VGM info:   Importing element: VACUUM VACUUM from TGeoTable
VGM info:   Importing medium: 
VGM info:   OBJ: TGeoMedium	Basic	
VGM info:   Importing medium: 
VGM info:   OBJ: TGeoMedium	Air	
VGM info:   Importing medium: 
VGM info:   OBJ: TGeoMedium	Scintillator	
VGM info:   Importing medium: 
VGM info:   OBJ: TGeoMedium	Uranium	
VGM info:   Importing medium: 
VGM info:   OBJ: TGeoMedium	Vacuum	
VGM info:   Importing volume: world
VGM info:   Importing shape: worldS
VGM info:   ImportDaughters for world
VGM info:   Importing volume: volume1
VGM info:   Importing shape: boxS1
VGM info:   ImportDaughters for volume1
VGM info:   Importing volume: volume4
VGM info:   Importing shape: boxS4
VGM info:   ImportDaughters for volume4
VGM info:   Importing volume: volume2C
VGM info:   Importing shape: boxS2
VGM info:   ImportDaughters for volume2C
VGM info:   Importing volume: volume3
VGM info:   Importing shape: boxS3
VGM info:   ImportDaughters for volume3
VGM info:   Importing volume: volume5A
VGM info:   Importing shape: boxS5A
VGM info:   ImportDaughters for volume5A
VGM info:   Import positions: 
VGM info:   0th volume: world  
VGM info:      0th daughter  rtVol = volume1 vgmVol = volume1
VGM info:      1th daughter  rtVol = volume2C vgmVol = volume2C
VGM info:   1th volume: volume1  
VGM info:      0th daughter  rtVol = volume4 vgmVol = volume4
VGM info:   2th volume: volume2C  
VGM info:      0th daughter  rtVol = volume3 vgmVol = volume3
VGM info:      1th daughter  rtVol = volume5A vgmVol = volume5A
VGM info:   3th volume: volume3  
VGM info:   4th volume: volume4  
VGM info:   5th volume: volume5A  
VGM info:   
Root_GM_Factory factory solids store: 
   0th solid: Box  "worldS"  hx = 600mm  hy = 600mm  hz = 1600mm
   1th solid: Box  "boxS1"  hx = 500mm  hy = 500mm  hz = 500mm
   2th solid: Box  "boxS4"  hx = 200mm  hy = 200mm  hz = 100mm
   3th solid: Box  "boxS2"  hx = 500mm  hy = 500mm  hz = 500mm
   4th solid: Displaced  "boxS2_displ"  Const. = "boxS2"  Displacement = ( 0, 0, 1500)mm ( 0, -0, 0)deg   noReflZ
   5th solid: Box  "boxS3"  hx = 200mm  hy = 200mm  hz = 200mm
   6th solid: Box  "boxS5A"  hx = 200mm  hy = 200mm  hz = 50mm
   7th solid: Displaced  "boxS5A_displ"  Const. = "boxS5A"  Displacement = ( 0, 0, 400)mm ( 0, -0, 0)deg   noReflZ
Root_GM_Factory factory volumes store: 
   0th: Volume: "world" material "Basic" solid "Box"  2 daughters: "volume1"  "volume2C"  
   1th: Volume: "volume1" material "Basic" solid "Box"  1 daughters: "volume4"  
   2th: Volume: "volume4" material "Basic" solid "Box"  0 daughters: 
   3th: Volume: "volume2C" material "Basic" solid "Displaced"  2 daughters: "volume3"  "volume5A"  
   4th: Volume: "volume3" material "Basic" solid "Box"  0 daughters: 
   5th: Volume: "volume5A" material "Basic" solid "Displaced"  0 daughters: 
VGM info:   RootGM::Factory::Import finished.
Import finished
Go to save Root geometry
Info in <TGeoManager::CheckGeometry>: Fixing runtime shapes...
Info in <TGeoManager::CheckGeometry>: ...Nothing to fix
Info in <TGeoManager::CloseGeometry>: Counting nodes...
Info in <TGeoManager::Voxelize>: Voxelizing...
Info in <TGeoManager::CloseGeometry>: Building cache...
Info in <TGeoNavigator::BuildCache>: --- Maximum geometry depth set to 100
Info in <TGeoManager::CloseGeometry>: 6 nodes/ 6 volume UID's in Test geometry via Root
Info in <TGeoManager::CloseGeometry>: ----------------modeler ready----------------
Info in <TGeoManager::Export>: Exporting Test Test geometry via Root as root file. Optimizations streamed.
No Geant4 geometry is built.
