Warning in <TFile::Init>: no StreamerInfo found in /Users/ivana/work/projects/vgm/dev/vmc_install/lib/libVMCLibrary_rdict.pcm therefore preventing schema evolution when reading this file. The file was produced with version 6.28/00 of ROOT.
Info in <TGeoManager::TGeoManager>: Geometry VGM Root geometry, VGM Root geometry created

=============================================================
 Virtual Geometry Model 
 Version 5.2 ( 8 June 2023 )
 WWW : https://vmc-project.github.io/vgm-documentation/
=============================================================

Warning in <TGeoManager::Init>: Deleting previous geometry: VGM Root geometry/VGM Root geometry
Info in <TGeoManager::TGeoManager>: Geometry Test, Test geometry via Root created
Root geometry will be defined via Root

**************************************************************
 Geant4 version Name: geant4-11-01-patch-01    (10-February-2023)
                       Copyright : Geant4 Collaboration
                      References : NIM A 506 (2003), 250-303
                                 : IEEE-TNS 53 (2006), 270-278
                                 : NIM A 835 (2016), 186-225
                             WWW : http://geant4.org/
**************************************************************

Info in <TGeoManager::SetTopVolume>: Top volume is world. Master volume is world
Info in <TGeoNavigator::BuildCache>: --- Maximum geometry depth set to 100
TestMultiUnion finished
Go to Import
Info in <TGeoManager::Export>: Exporting Test Test geometry via Root as root file. Optimizations streamed.
VGM info:   RootGM::Factory::Import started ...
VGM info:   Importing material: 
VGM info:   Material Basic    A=26.98 Z=13 rho=2.7 radlen=8.87509 intlen=38.8623 index=0
VGM info:   Importing element: from material
VGM info:   Element: AL      Z=13   N=27.000000   A=26.981538 [g/mole]
VGM info:   Importing material: 
VGM info:   Mixture Air    Aeff=14.607 Zeff=7.3 rho=0.00129 radlen=28405.7 intlen=66278.7 index=1
   Element #0 : N  Z=  7.00 A= 14.01 w= 0.700
   Element #1 : O  Z=  8.00 A= 16.00 w= 0.300
VGM info:   Importing element: from material
VGM info:   Element: N      Z=7   N=14.000000   A=14.006740 [g/mole]
VGM info:   Importing element: from material
VGM info:   Element: O      Z=8   N=16.000000   A=15.999400 [g/mole]
VGM info:   Importing material: 
VGM info:   Mixture Scintillator    Aeff=11.0723 Zeff=5.57354 rho=1.032 radlen=42.132 intlen=70.1008 index=2
   Element #0 : C  Z=  6.00 A= 12.01 w= 0.915
   Element #1 : H  Z=  1.00 A=  1.01 w= 0.085
VGM info:   Importing element: from element object
VGM info:   Element: C      Z=6   N=12.000000   A=12.010700 [g/mole]
VGM info:   Importing element: from element object
VGM info:   Element: H      Z=1   N=1.000000   A=1.007940 [g/mole]
VGM info:   Importing material: 
VGM info:   Material Uranium    A=235.312 Z=92 rho=13.61 radlen=0.436268 intlen=15.8772 index=3
VGM info:   Importing isotope: 
VGM info:   Isotope: U235     Z=92   N=235   A=235.010000 [g/mole]
VGM info:   Importing isotope: 
VGM info:   Isotope: U238     Z=92   N=238   A=238.030000 [g/mole]
VGM info:   Importing element: from element object
VGM info:   Element: enriched Uranium      Z=92   N=235.300000   A=235.312000 [g/mole]
=>Isotope U235, abundance=0.900000 :
Isotope: U235     Z=92   N=235   A=235.010000 [g/mole]
=>Isotope U238, abundance=0.100000 :
Isotope: U238     Z=92   N=238   A=238.030000 [g/mole]
VGM info:   Importing material: 
VGM info:   Material Vacuum    A=0 Z=0 rho=0 radlen=1e+30 intlen=1e+30 index=4
VGM info:   Importing element: from element object
VGM info:   Element: VACUUM      Z=0   N=0.000000   A=0.000000 [g/mole]
VGM info:   Importing material: 
VGM info:   Material Tungsten    A=183.84 Z=74 rho=19.25 radlen=0.351605 intlen=10.3323 index=5
VGM info:   Importing element: from element object
VGM info:   Element: W      Z=74   N=184.000000   A=183.840000 [g/mole]
VGM info:   Importing medium: 
VGM info:   OBJ: TGeoMedium	Basic	
VGM info:   Importing medium: 
VGM info:   OBJ: TGeoMedium	Air	
VGM info:   Importing medium: 
VGM info:   OBJ: TGeoMedium	Scintillator	
VGM info:   Importing medium: 
VGM info:   OBJ: TGeoMedium	Uranium	
VGM info:   Importing medium: 
VGM info:   OBJ: TGeoMedium	Vacuum	
VGM info:   Importing medium: 
VGM info:   OBJ: TGeoMedium	Tungsten	
VGM info:   Importing volume: world
VGM info:   Importing shape: worldS
VGM info:      Imported solid: Box  "worldS"  hx = 600mm  hy = 600mm  hz = 1600mm
VGM info:   ImportDaughters for world
VGM info:   Importing volume: boxesUnion
VGM info:   Importing shape: unionS
VGM info:   Importing shape: Box1
VGM info:      Imported solid: Box  "Box1"  hx = 50mm  hy = 50mm  hz = 100mm
VGM info:   Importing shape: Box2
VGM info:      Imported solid: Box  "Box2"  hx = 50mm  hy = 50mm  hz = 100mm
VGM info:   Imported Boolean solid: 
VGM info:   Boolean  "unionS"  Union: 
  ConstituentA = Box  "Box1"  hx = 50mm  hy = 50mm  hz = 100mm
  ConstituentB = Box  "Box2"  hx = 50mm  hy = 50mm  hz = 100mm
  Displacement translation (object):  ( 0,  30,  100) mm 
  Displacement rotation (object):  (0,  -0,  0) deg    no reflectionZ
VGM info:      Imported solid: Boolean  "unionS"  Union: 
  ConstituentA = Box  "Box1"  hx = 50mm  hy = 50mm  hz = 100mm
  ConstituentB = Box  "Box2"  hx = 50mm  hy = 50mm  hz = 100mm
  Displacement translation (object):  ( 0,  30,  100) mm 
  Displacement rotation (object):  (0,  -0,  0) deg    no reflectionZ
VGM info:   ImportDaughters for boxesUnion
VGM info:   Import positions: 
VGM info:   0th volume: world  
VGM info:      0th daughter  rtNode = boxesUnion_1  rtVol = boxesUnion vgmPl = boxesUnion vgmVol = boxesUnion
VGM info:   1th volume: boxesUnion  
VGM info:   
Root_GM_Factory factory solids store: 
   0th solid: Box  "worldS"  hx = 600mm  hy = 600mm  hz = 1600mm
   1th solid: Box  "Box1"  hx = 50mm  hy = 50mm  hz = 100mm
   2th solid: Box  "Box2"  hx = 50mm  hy = 50mm  hz = 100mm
   3th solid: Boolean  "unionS"  Union: 
  ConstituentA = Box  "Box1"  hx = 50mm  hy = 50mm  hz = 100mm
  ConstituentB = Box  "Box2"  hx = 50mm  hy = 50mm  hz = 100mm
  Displacement translation (object):  ( 0,  30,  100) mm 
  Displacement rotation (object):  (0,  -0,  0) deg    no reflectionZ
Root_GM_Factory factory volumes store: 
   0th: Volume: "world" material "Basic" solid "Box"  1 daughters: "boxesUnion"  
   1th: Volume: "boxesUnion" material "Basic" solid "Boolean"  0 daughters: 
VGM info:   RootGM::Factory::Import finished.
Import finished
Go to save Root geometry
Info in <TGeoManager::CheckGeometry>: Fixing runtime shapes...
Info in <TGeoManager::CheckGeometry>: ...Nothing to fix
Info in <TGeoManager::CloseGeometry>: Counting nodes...
Info in <TGeoManager::Voxelize>: Voxelizing...
Info in <TGeoManager::CloseGeometry>: Building cache...
Info in <TGeoManager::CountLevels>: max level = 1, max placements = 1
Info in <TGeoManager::CloseGeometry>: 2 nodes/ 2 volume UID's in Test geometry via Root
Info in <TGeoManager::CloseGeometry>: ----------------modeler ready----------------
Info in <TGeoManager::Export>: Exporting Test Test geometry via Root as root file. Optimizations streamed.
No Geant4 geometry is built.
