
*************************************************************
 Geant4 version Name: geant4-08-03    (5-May-2007)
                      Copyright : Geant4 Collaboration
                      Reference : NIM A 506 (2003), 250-303
                            WWW : http://cern.ch/geant4
*************************************************************

Root geometry will be defined via VGM
TestSolids finished
No Geant4 geometry is built.
