Root geometry will be defined via VGM and exported to Geant4

*************************************************************
 Geant4 version Name: geant4-09-02    (19-December-2008)
                      Copyright : Geant4 Collaboration
                      Reference : NIM A 506 (2003), 250-303
                            WWW : http://cern.ch/geant4
*************************************************************

Visualization Manager instantiating...
TestAssemblies: not available via VGM
TestAssemblies finished
No geometry is built.
