
*************************************************************
 Geant4 version Name: geant4-07-01    (30-June-2005)
                      Copyright : Geant4 Collaboration
                      Reference : NIM A 506 (2003), 250-303
                            WWW : http://cern.ch/geant4
*************************************************************

Root geometry will be defined via VGM and exported to Geant4
TestAssemblies: not available via VGM
TestAssemblies finished
No geometry is built.
