
*************************************************************
 Geant4 version Name: geant4-08-02    (15-December-2006)
                      Copyright : Geant4 Collaboration
                      Reference : NIM A 506 (2003), 250-303
                            WWW : http://cern.ch/geant4
*************************************************************

Geant4 geometry will be defined via VGM
TestAssemblies2: not available via VGM
TestAssemblies2 finished
No geometry is built.
