Geant4 geometry will be defined via VGM

*************************************************************
 Geant4 version Name: geant4-09-02    (19-December-2008)
                      Copyright : Geant4 Collaboration
                      Reference : NIM A 506 (2003), 250-303
                            WWW : http://cern.ch/geant4
*************************************************************

Visualization Manager instantiating...
VGM info:   Importing isotope: 
VGM info:    Isotope:    H1   Z =  1   N =   1   A =   1.01 g/mole
VGM info:   Importing isotope: 
VGM info:    Isotope:    H2   Z =  1   N =   2   A =   2.01 g/mole
VGM info:   Importing isotope: 
VGM info:    Isotope:   C12   Z =  6   N =  12   A =  12.00 g/mole
VGM info:   Importing isotope: 
VGM info:    Isotope:   C13   Z =  6   N =  13   A =  13.00 g/mole
TestBooleanSolids2 finished
Visualization Manager initialising...
Registering graphics systems...

You have successfully registered the following graphics systems.
Current available graphics systems are:
  ASCIITree (ATree)
  DAWNFILE (DAWNFILE)
  G4HepRep (HepRepXML)
  G4HepRepFile (HepRepFile)
  RayTracer (RayTracer)
  VRML1FILE (VRML1FILE)
  VRML2FILE (VRML2FILE)
  FukuiRenderer (DAWN)
  OpenGLImmediateX (OGLIX)
  OpenGLStoredX (OGLSX)
  OpenGLImmediateXm (OGLIXm)
  OpenGLStoredXm (OGLSXm)
  OpenInventorXt (OIX)
  VRML1 (VRML1)
  VRML2 (VRML2)

Registering model factories...

You have successfully registered the following model factories.
Registered model factories:
  generic
  drawByCharge
  drawByParticleID
  drawByOriginVolume
  drawByAttribute

Registered filter factories:
  chargeFilter
  particleFilter
  originVolumeFilter
  attributeFilter

Graphics systems deleted.
Visualization Manager deleting...
