Info in <TGeoManager::TGeoManager>: Geometry VGM Root geometry, VGM Root geometry created
Geant4 geometry will be defined via VGM and exported to Root

*************************************************************
 Geant4 version Name: geant4-09-05-ref-00    (2-December-2011)
                      Copyright : Geant4 Collaboration
                      Reference : NIM A 506 (2003), 250-303
                            WWW : http://cern.ch/geant4
*************************************************************

VGM info:   Importing isotope: 
VGM info:    Isotope:    H1   Z =  1   N =   1   A =   1.01 g/mole
VGM info:   Importing isotope: 
VGM info:    Isotope:    H2   Z =  1   N =   2   A =   2.01 g/mole
VGM info:   Importing isotope: 
VGM info:    Isotope:   C12   Z =  6   N =  12   A =  12.00 g/mole
VGM info:   Importing isotope: 
VGM info:    Isotope:   C13   Z =  6   N =  13   A =  13.00 g/mole
TestDisplacedSolids1 finished
Go to export
VGM info:   Exporting isotope: 
VGM info:   Isotope: "H1"    Z = 1  N = 1  A = 1.00783 g/mole
VGM info:   Exporting isotope: 
VGM info:   Isotope: "H2"    Z = 1  N = 2  A = 2.0141 g/mole
VGM info:   Exporting isotope: 
VGM info:   Isotope: "C12"    Z = 6  N = 12  A = 12 g/mole
VGM info:   Exporting isotope: 
VGM info:   Isotope: "C13"    Z = 6  N = 13  A = 13.0034 g/mole
VGM info:   Exporting isotope: 
VGM info:   Isotope: "U235"    Z = 92  N = 235  A = 235.01 g/mole
VGM info:   Exporting isotope: 
VGM info:   Isotope: "U238"    Z = 92  N = 238  A = 238.03 g/mole
VGM info:   Exporting element: 
VGM info:   Element: "H"  "H"  Z = 1  N = 1.00012  A = 1.00794 g/mole
     0th isotope: Isotope: "H1"    Z = 1  N = 1  A = 1.00783 g/mole  abundance: 99.9885%
     1th isotope: Isotope: "H2"    Z = 1  N = 2  A = 2.0141 g/mole  abundance: 0.0115%
VGM info:   Exporting element: 
VGM info:   Element: "C"  "C"  Z = 6  N = 12.0107  A = 12.0107 g/mole
     0th isotope: Isotope: "C12"    Z = 6  N = 12  A = 12 g/mole  abundance: 98.93%
     1th isotope: Isotope: "C13"    Z = 6  N = 13  A = 13.0034 g/mole  abundance: 1.07%
VGM info:   Exporting element: 
VGM info:   Element: "Vacuum"  "Vacuum_e"  Z = 1  N = 1.01  A = 1.01 g/mole
VGM info:   Exporting element: 
VGM info:   Element: "Nitrogen"  "N"  Z = 7  N = 14.01  A = 14.01 g/mole
VGM info:   Exporting element: 
VGM info:   Element: "Oxygen"  "O"  Z = 8  N = 16  A = 16 g/mole
VGM info:   Exporting element: 
VGM info:   Element: "Aluminium"  "Al"  Z = 13  N = 26.98  A = 26.98 g/mole
VGM info:   Exporting element: 
VGM info:   Element: "Tungsten"  "W"  Z = 74  N = 183.84  A = 183.84 g/mole
VGM info:   Exporting element: 
VGM info:   Element: "enriched Uranium"  "U"  Z = 92  N = 235.3  A = 235.312 g/mole
     0th isotope: Isotope: "U235"    Z = 92  N = 235  A = 235.01 g/mole  abundance: 90%
     1th isotope: Isotope: "U238"    Z = 92  N = 238  A = 238.03 g/mole  abundance: 10%
VGM info:   Exporting material: 
VGM info:   Material: "Basic"  density 2.7 g/cm3  radlen 8.89253 cm  intlen 38.8601 cm  state "Solid"  temperature 273.15 kelvin  pressure 1 atm
   0th element: Element: "Aluminium"  "Al"  Z = 13  N = 26.98  A = 26.98 g/mole  Elm mass fraction: 100 %
VGM info:   Exporting material: 
VGM info:   Material: "Air"  density 0.00129 g/cm3  radlen 28516.1 cm  intlen 66290.4 cm  state "Gas"  temperature 273.15 kelvin  pressure 1 atm
   0th element: Element: "Nitrogen"  "N"  Z = 7  N = 14.01  A = 14.01 g/mole  Elm mass fraction: 70 %
   1th element: Element: "Oxygen"  "O"  Z = 8  N = 16  A = 16 g/mole  Elm mass fraction: 30 %
VGM info:   Exporting material: 
VGM info:   Material: "Scintillator"  density 1.032 g/cm3  radlen 42.5442 cm  intlen 70.101 cm  state "Solid"  temperature 273.15 kelvin  pressure 1 atm
   0th element: Element: "C"  "C"  Z = 6  N = 12.0107  A = 12.0107 g/mole
     0th isotope: Isotope: "C12"    Z = 6  N = 12  A = 12 g/mole  abundance: 98.93%
     1th isotope: Isotope: "C13"    Z = 6  N = 13  A = 13.0034 g/mole  abundance: 1.07%  Elm mass fraction: 91.4709 %
   1th element: Element: "H"  "H"  Z = 1  N = 1.00012  A = 1.00794 g/mole
     0th isotope: Isotope: "H1"    Z = 1  N = 1  A = 1.00783 g/mole  abundance: 99.9885%
     1th isotope: Isotope: "H2"    Z = 1  N = 2  A = 2.0141 g/mole  abundance: 0.0115%  Elm mass fraction: 8.52915 %
VGM info:   Exporting material: 
VGM info:   Material: "Uranium"  density 13.61 g/cm3  radlen 0.435829 cm  intlen 15.8907 cm  state "Solid"  temperature 273.15 kelvin  pressure 1 atm
   0th element: Element: "enriched Uranium"  "U"  Z = 92  N = 235.3  A = 235.312 g/mole
     0th isotope: Isotope: "U235"    Z = 92  N = 235  A = 235.01 g/mole  abundance: 90%
     1th isotope: Isotope: "U238"    Z = 92  N = 238  A = 238.03 g/mole  abundance: 10%  Elm mass fraction: 100 %
VGM info:   Exporting material: 
VGM info:   Material: "Vacuum"  density 1e-25 g/cm3  radlen 6.31723e+26 cm  intlen 3.535e+26 cm  state "Gas"  temperature 2.73 kelvin  pressure 2.96077e-23 atm
   0th element: Element: "Vacuum"  "Vacuum_e"  Z = 1  N = 1.01  A = 1.01 g/mole  Elm mass fraction: 100 %
VGM info:   Exporting material: 
VGM info:   Material: "Tungsten"  density 19.25 g/cm3  radlen 0.351325 cm  intlen 10.3323 cm  state "Solid"  temperature 273.15 kelvin  pressure 1 atm
   0th element: Element: "Tungsten"  "W"  Z = 74  N = 183.84  A = 183.84 g/mole  Elm mass fraction: 100 %
VGM info:   Exporting medium: 
VGM info:   Medium: "Basic"  material Basic g/cm3  parameters:  0  0  0  0  0  0  0  0  0  0  0  0  0  0  0  0  0  0  0  0
VGM info:   Exporting medium: 
VGM info:   Medium: "Air"  material Air g/cm3  parameters:  0  0  0  0  0  0  0  0  0  0  0  0  0  0  0  0  0  0  0  0
VGM info:   Exporting medium: 
VGM info:   Medium: "Scintillator"  material Scintillator g/cm3  parameters:  0  0  0  0  0  0  0  0  0  0  0  0  0  0  0  0  0  0  0  0
VGM info:   Exporting medium: 
VGM info:   Medium: "Uranium"  material Uranium g/cm3  parameters:  0  0  0  0  0  0  0  0  0  0  0  0  0  0  0  0  0  0  0  0
VGM info:   Exporting medium: 
VGM info:   Medium: "Vacuum"  material Vacuum g/cm3  parameters:  0  0  0  0  0  0  0  0  0  0  0  0  0  0  0  0  0  0  0  0
VGM info:   Exporting medium: 
VGM info:   Medium: "Tungsten"  material Tungsten g/cm3  parameters:  0  0  0  0  0  0  0  0  0  0  0  0  0  0  0  0  0  0  0  0
VGM info:   Exporting volume store: 
VGM info:      Exporting solid: 
VGM info:      Box  "worldS"  hx = 600mm  hy = 600mm  hz = 1600mm
VGM info:   Exporting volume:  0th  "world"  material: "Basic"
VGM info:      Exporting solid: 
VGM info:      Box  "boxS1"  hx = 500mm  hy = 500mm  hz = 500mm
VGM info:   Exporting volume:  1th  "volume1"  material: "Basic"
VGM info:      Exporting solid: 
VGM info:      Displaced  "boxS2C"  Const. = "boxS2B"  Displacement = ( 0, 0, 500)mm ( 0, -0, 0)deg   noReflZ
VGM info:      Exporting solid: 
VGM info:      Displaced  "boxS2B"  Const. = "boxS2A"  Displacement = ( 0, 0, 500)mm ( 0, -0, 0)deg   noReflZ
VGM info:      Exporting solid: 
VGM info:      Displaced  "boxS2A"  Const. = "boxS2"  Displacement = ( 0, 0, 500)mm ( 0, -0, 0)deg   noReflZ
VGM info:      Exporting solid: 
VGM info:      Box  "boxS2"  hx = 500mm  hy = 500mm  hz = 500mm
VGM info:   Exporting volume:  2th  "volume2C"  material: "Basic"
VGM info:      Exporting solid: 
VGM info:      Box  "boxS3"  hx = 200mm  hy = 200mm  hz = 200mm
VGM info:   Exporting volume:  3th  "volume3"  material: "Basic"
VGM info:      Exporting solid: 
VGM info:      Box  "boxS4"  hx = 200mm  hy = 200mm  hz = 100mm
VGM info:   Exporting volume:  4th  "volume4"  material: "Basic"
VGM info:      Exporting solid: 
VGM info:      Displaced  "boxS5A"  Const. = "boxS5"  Displacement = ( 0, 0, 400)mm ( 0, -0, 0)deg   noReflZ
VGM info:      Exporting solid: 
VGM info:      Box  "boxS5"  hx = 200mm  hy = 200mm  hz = 50mm
VGM info:   Exporting volume:  5th  "volume5A"  material: "Basic"
VGM info:   ExportPlacements for 0th volume world
VGM info:      0th daughter vol = volume1  simple placement: volume1
VGM info:      1th daughter vol = volume2C  simple placement: volume2C
VGM info:   ExportPlacements for 1th volume volume1
VGM info:      0th daughter vol = volume4  simple placement: volume4
VGM info:   ExportPlacements for 2th volume volume2C
VGM info:      0th daughter vol = volume3  simple placement: volume3
VGM info:      1th daughter vol = volume5A  simple placement: volume5A
VGM info:   ExportPlacements for 3th volume volume3
VGM info:   ExportPlacements for 4th volume volume4
VGM info:   ExportPlacements for 5th volume volume5A
Info in <TGeoManager::SetTopVolume>: Top volume is world. Master volume is world
Info in <TGeoNavigator::BuildCache>: --- Maximum geometry depth set to 100
Export finished
Go to save Root geometry
Info in <TGeoManager::CheckGeometry>: Fixing runtime shapes...
Info in <TGeoManager::CheckGeometry>: ...Nothing to fix
Info in <TGeoManager::CloseGeometry>: Counting nodes...
Info in <TGeoManager::Voxelize>: Voxelizing...
Info in <TGeoManager::CloseGeometry>: Building cache...
Info in <TGeoManager::CloseGeometry>: 6 nodes/ 6 volume UID's in VGM Root geometry
Info in <TGeoManager::CloseGeometry>: ----------------modeler ready----------------
Info in <TGeoManager::Export>: Exporting VGM Root geometry VGM Root geometry as root file. Optimizations streamed.
Visualization Manager instantiating with verbosity "warnings (3)"...
Visualization Manager initialising...
Registering graphics systems...

You have successfully registered the following graphics systems.
Current available graphics systems are:
  ASCIITree (ATree)
  DAWNFILE (DAWNFILE)
  G4HepRep (HepRepXML)
  G4HepRepFile (HepRepFile)
  RayTracer (RayTracer)
  VRML1FILE (VRML1FILE)
  VRML2FILE (VRML2FILE)
  gMocrenFile (gMocrenFile)
  OpenGLStoredX (OGL)
  OpenGLImmediateX (OGLI)
  OpenGLStoredX (OGLS)
  OpenGLImmediateX (OGLIX)
  OpenGLStoredX (OGLSX)
  RayTracerX (RayTracerX)

Registering model factories...

You have successfully registered the following model factories.
Registered model factories:
  generic
  drawByCharge
  drawByParticleID
  drawByOriginVolume
  drawByAttribute

Registered filter factories:
  chargeFilter
  particleFilter
  originVolumeFilter
  attributeFilter

Some /vis commands (optionally) take a string to specify colour.
Available colours:
  black, blue, cyan, gray, green, grey, magenta, red, white, yellow

Graphics systems deleted.
Visualization Manager deleting...
