
*************************************************************
 Geant4 version Name: geant4-08-01-patch-02    (10-November-2006)
                      Copyright : Geant4 Collaboration
                      Reference : NIM A 506 (2003), 250-303
                            WWW : http://cern.ch/geant4
*************************************************************

Geant4 geometry will be defined via VGM and exported to Root
TestAssemblies: not available via VGM
TestAssemblies finished
No geometry is built.
