Info in <TGeoManager::TGeoManager>: Geometry VGM Root geometry, VGM Root geometry created
Root geometry will be defined via VGM and exported to Geant4

*************************************************************
 Geant4 version Name: geant4-09-05-ref-00    (2-December-2011)
                      Copyright : Geant4 Collaboration
                      Reference : NIM A 506 (2003), 250-303
                            WWW : http://cern.ch/geant4
*************************************************************

Info in <TGeoManager::SetTopVolume>: Top volume is world. Master volume is world
Info in <TGeoNavigator::BuildCache>: --- Maximum geometry depth set to 100
TestPlacements finished
Go to export
VGM info:   Exporting isotope: 
VGM info:   Isotope: "U235"    Z = 92  N = 235  A = 235.01 g/mole
VGM info:   Exporting isotope: 
VGM info:   Isotope: "U238"    Z = 92  N = 238  A = 238.03 g/mole
VGM info:   Exporting element: 
VGM info:   Element: "H"  "HYDROGEN"  Z = 1  N = 1  A = 1.00794 g/mole
VGM info:   Exporting element: 
VGM info:   Element: "C"  "CARBON"  Z = 6  N = 12  A = 12.0107 g/mole
VGM info:   Exporting element: 
VGM info:   Element: "Vacuum"  "Vacuum_e"  Z = 1  N = 1  A = 1.01 g/mole
VGM info:   Exporting element: 
VGM info:   Element: "Nitrogen"  "N"  Z = 7  N = 14  A = 14.01 g/mole
VGM info:   Exporting element: 
VGM info:   Element: "Oxygen"  "O"  Z = 8  N = 16  A = 16 g/mole
VGM info:   Exporting element: 
VGM info:   Element: "Aluminium"  "Al"  Z = 13  N = 26  A = 26.98 g/mole
VGM info:   Exporting element: 
VGM info:   Element: "W"  "TUNGSTEN"  Z = 74  N = 184  A = 183.84 g/mole
VGM info:   Exporting element: 
VGM info:   Element: "enriched Uranium"  "U"  Z = 92  N = 235.3  A = 235.312 g/mole
     0th isotope: Isotope: "U235"    Z = 92  N = 235  A = 235.01 g/mole  abundance: 90%
     1th isotope: Isotope: "U238"    Z = 92  N = 238  A = 238.03 g/mole  abundance: 10%
VGM info:   Exporting material: 
VGM info:   Material: "Basic"  density 2.7 g/cm3  radlen 8.8751 cm  intlen 38.8622 cm  state "Undefined"  temperature 273.15 kelvin  pressure 1 atm
   0th element: Element: "Aluminium"  "Al"  Z = 13  N = 26  A = 26.98 g/mole  Elm mass fraction: 100 %
VGM info:   Exporting material: 
VGM info:   Material: "Air"  density 0.00129 g/cm3  radlen 28405.7 cm  intlen 66278.6 cm  state "Undefined"  temperature 273.15 kelvin  pressure 1 atm
   0th element: Element: "Nitrogen"  "N"  Z = 7  N = 14  A = 14.01 g/mole  Elm mass fraction: 70 %
   1th element: Element: "Oxygen"  "O"  Z = 8  N = 16  A = 16 g/mole  Elm mass fraction: 30 %
VGM info:   Exporting material: 
VGM info:   Material: "Scintillator"  density 1.032 g/cm3  radlen 42.132 cm  intlen 70.1007 cm  state "Undefined"  temperature 273.15 kelvin  pressure 1 atm
   0th element: Element: "C"  "CARBON"  Z = 6  N = 12  A = 12.0107 g/mole  Elm mass fraction: 91.4708 %
   1th element: Element: "H"  "HYDROGEN"  Z = 1  N = 1  A = 1.00794 g/mole  Elm mass fraction: 8.52916 %
VGM info:   Exporting material: 
VGM info:   Material: "Uranium"  density 13.61 g/cm3  radlen 0.436288 cm  intlen 15.9387 cm  state "Undefined"  temperature 273.15 kelvin  pressure 1 atm
   0th element: Element: "enriched Uranium"  "U"  Z = 92  N = 235.3  A = 235.312 g/mole
     0th isotope: Isotope: "U235"    Z = 92  N = 235  A = 235.01 g/mole  abundance: 90%
     1th isotope: Isotope: "U238"    Z = 92  N = 238  A = 238.03 g/mole  abundance: 10%  Elm mass fraction: 100 %
VGM info:   Exporting material: 
VGM info:   Material: "Vacuum"  density 1e-25 g/cm3  radlen 5.79553e+26 cm  intlen 3.52778e+26 cm  state "Gas"  temperature 2.73 kelvin  pressure 2.96077e-23 atm
   0th element: Element: "Vacuum"  "Vacuum_e"  Z = 1  N = 1  A = 1.01 g/mole  Elm mass fraction: 100 %
VGM info:   Exporting material: 
VGM info:   Material: "Tungsten"  density 19.25 g/cm3  radlen 0.351617 cm  intlen 10.3323 cm  state "Undefined"  temperature 273.15 kelvin  pressure 1 atm
   0th element: Element: "W"  "TUNGSTEN"  Z = 74  N = 184  A = 183.84 g/mole  Elm mass fraction: 100 %
VGM info:   Exporting medium: 
VGM info:   Medium: "Basic"  material Basic g/cm3  parameters:  0  0  0  0  0  0  0  0  0  0  0  0  0  0  0  0  0  0  0  0
VGM info:   Exporting medium: 
VGM info:   Medium: "Air"  material Air g/cm3  parameters:  0  0  0  0  0  0  0  0  0  0  0  0  0  0  0  0  0  0  0  0
VGM info:   Exporting medium: 
VGM info:   Medium: "Scintillator"  material Scintillator g/cm3  parameters:  0  0  0  0  0  0  0  0  0  0  0  0  0  0  0  0  0  0  0  0
VGM info:   Exporting medium: 
VGM info:   Medium: "Uranium"  material Uranium g/cm3  parameters:  0  0  0  0  0  0  0  0  0  0  0  0  0  0  0  0  0  0  0  0
VGM info:   Exporting medium: 
VGM info:   Medium: "Vacuum"  material Vacuum g/cm3  parameters:  0  0  0  0  0  0  0  0  0  0  0  0  0  0  0  0  0  0  0  0
VGM info:   Exporting medium: 
VGM info:   Medium: "Tungsten"  material Tungsten g/cm3  parameters:  0  0  0  0  0  0  0  0  0  0  0  0  0  0  0  0  0  0  0  0
VGM info:   Exporting volume store: 
VGM info:      Exporting solid: 
VGM info:      Box  "worldS"  hx = 6000mm  hy = 1000mm  hz = 6000mm
VGM info:   Exporting volume:  0th  "world"  material: "Vacuum"
VGM info:      Exporting solid: 
VGM info:      Box  "boxA"  hx = 200mm  hy = 600mm  hz = 500mm
VGM info:   Exporting volume:  1th  "layerA"  material: "Air"
VGM info:      Exporting solid: 
VGM info:      Box  "boxB"  hx = 200mm  hy = 100mm  hz = 500mm
VGM info:   Exporting volume:  2th  "layerB"  material: "Uranium"
VGM info:      Exporting solid: 
VGM info:      Box  "boxC"  hx = 200mm  hy = 2mm  hz = 500mm
VGM info:   Exporting volume:  3th  "layerC"  material: "Scintillator"
VGM info:   ExportPlacements for 0th volume world
VGM info:      0th daughter vol = layerA  simple placement: layerA
VGM info:      1th daughter vol = layerA  simple placement: layerA
VGM info:      2th daughter vol = layerA  simple placement: layerA
VGM info:      3th daughter vol = layerA  simple placement: layerA
VGM info:      4th daughter vol = layerA  simple placement: layerA
VGM info:      5th daughter vol = layerA  simple placement: layerA
VGM info:      6th daughter vol = layerA  simple placement: layerA
VGM info:      7th daughter vol = layerA  simple placement: layerA
VGM info:      8th daughter vol = layerA  simple placement: layerA
VGM info:      9th daughter vol = layerA  simple placement: layerA
VGM info:      10th daughter vol = layerA  simple placement: layerA
VGM info:      11th daughter vol = layerA  simple placement: layerA
VGM info:      12th daughter vol = layerA  simple placement: layerA
VGM info:      13th daughter vol = layerA  simple placement: layerA
VGM info:      14th daughter vol = layerA  simple placement: layerA
VGM info:      15th daughter vol = layerA  simple placement: layerA
VGM info:      16th daughter vol = layerA  simple placement: layerA
VGM info:      17th daughter vol = layerA  simple placement: layerA
VGM info:      18th daughter vol = layerA  simple placement: layerA
VGM info:      19th daughter vol = layerA  simple placement: layerA
VGM info:      20th daughter vol = layerA  simple placement: layerA
VGM info:      21th daughter vol = layerA  simple placement: layerA
VGM info:      22th daughter vol = layerA  simple placement: layerA
VGM info:      23th daughter vol = layerA  simple placement: layerA
VGM info:   ExportPlacements for 1th volume layerA
VGM info:      0th daughter vol = layerB  multiple placement - data: 1,  3,  200,  600
VGM info:   ExportPlacements for 2th volume layerB
VGM info:      0th daughter vol = layerC  simple placement: layerC
VGM info:      1th daughter vol = layerC  simple placement: layerC
VGM info:   ExportPlacements for 3th volume layerC
Export finished
Go to save Root geometry
Info in <TGeoManager::CheckGeometry>: Fixing runtime shapes...
Info in <TGeoManager::CheckGeometry>: ...Nothing to fix
Info in <TGeoManager::CloseGeometry>: Counting nodes...
Info in <TGeoManager::Voxelize>: Voxelizing...
Info in <TGeoManager::CloseGeometry>: Building cache...
Info in <TGeoManager::CloseGeometry>: 241 nodes/ 4 volume UID's in VGM Root geometry
Info in <TGeoManager::CloseGeometry>: ----------------modeler ready----------------
Info in <TGeoManager::Export>: Exporting VGM Root geometry VGM Root geometry as root file. Optimizations streamed.
Visualization Manager instantiating with verbosity "warnings (3)"...
Visualization Manager initialising...
Registering graphics systems...

You have successfully registered the following graphics systems.
Current available graphics systems are:
  ASCIITree (ATree)
  DAWNFILE (DAWNFILE)
  G4HepRep (HepRepXML)
  G4HepRepFile (HepRepFile)
  RayTracer (RayTracer)
  VRML1FILE (VRML1FILE)
  VRML2FILE (VRML2FILE)
  gMocrenFile (gMocrenFile)
  OpenGLStoredX (OGL)
  OpenGLImmediateX (OGLI)
  OpenGLStoredX (OGLS)
  OpenGLImmediateX (OGLIX)
  OpenGLStoredX (OGLSX)
  RayTracerX (RayTracerX)

Registering model factories...

You have successfully registered the following model factories.
Registered model factories:
  generic
  drawByCharge
  drawByParticleID
  drawByOriginVolume
  drawByAttribute

Registered filter factories:
  chargeFilter
  particleFilter
  originVolumeFilter
  attributeFilter

Some /vis commands (optionally) take a string to specify colour.
Available colours:
  black, blue, cyan, gray, green, grey, magenta, red, white, yellow

Graphics systems deleted.
Visualization Manager deleting...
