Info in <TGeoManager::TGeoManager>: Geometry VGM Root geometry, VGM Root geometry created
Root geometry will be defined via VGM and exported to Geant4

*************************************************************
 Geant4 version Name: geant4-09-01-patch-01    (25-January-2008)
                      Copyright : Geant4 Collaboration
                      Reference : NIM A 506 (2003), 250-303
                            WWW : http://cern.ch/geant4
*************************************************************

TestAssemblies: not available via VGM
TestAssemblies finished
No geometry is built.
