
*************************************************************
 Geant4 version Name: geant4-08-02-patch-01    (23-February-2007)
                      Copyright : Geant4 Collaboration
                      Reference : NIM A 506 (2003), 250-303
                            WWW : http://cern.ch/geant4
*************************************************************

Info in <TGeoManager::TGeoManager>: Geometry VGM Root geometry, VGM Root geometry created
Root geometry will be defined via VGM and exported to Geant4
TestAssemblies2: not available via VGM
TestAssemblies2 finished
No geometry is built.
