AGDD geometry will be defined via AGDD and exported to Geant4

*************************************************************
 Geant4 version Name: geant4-09-01-patch-02    (9-May-2008)
                      Copyright : Geant4 Collaboration
                      Reference : NIM A 506 (2003), 250-303
                            WWW : http://cern.ch/geant4
*************************************************************

TestBooleanSolids2 finished
Go to Import
VGM info:   Top volume is world
VGM info:   ImportSection: importing AGDD_composition "world_comp"
VGM info:   ImportComposition "world_comp"
VGM info:   ImportPosition of volume "solid1" cardinality 1 parent "world"
VGM info:   ImportingPosition with volume "solid1" ("solid1") trans=[-1250,0,-2000]->(0,-0,0)
VGM info:   ImportPosition of volume "solid2" cardinality 1 parent "world"
VGM info:   ImportingPosition with volume "solid2" ("solid2") trans=[1250,0,-2000]->(0,-0,0)
VGM info:   ImportPosition of volume "intersection_solid1_solid2" cardinality 1 parent "world"
VGM info:   ImportingPosition with volume "intersection_solid1_solid2" ("intersection_solid1_solid2") trans=[-2500,0,2000]->(0,-0,0)
VGM info:   ImportPosition of volume "subtraction_solid1_solid2" cardinality 1 parent "world"
VGM info:   ImportingPosition with volume "subtraction_solid1_solid2" ("subtraction_solid1_solid2") trans=[0,0,2000]->(0,-0,0)
VGM info:   ImportPosition of volume "union_solid1_solid2" cardinality 1 parent "world"
VGM info:   ImportingPosition with volume "union_solid1_solid2" ("union_solid1_solid2") trans=[2500,0,2000]->(0,-0,0)
Import finished
Go to export
VGM info:   Exporting isotope: 
VGM info:   Isotope: "C_12"    Z = 6  N = 12  A = 12 g/mole
VGM info:   Exporting isotope: 
VGM info:   Isotope: "C_13"    Z = 6  N = 13  A = 13 g/mole
VGM info:   Exporting isotope: 
VGM info:   Isotope: "H_1"    Z = 1  N = 1  A = 1 g/mole
VGM info:   Exporting isotope: 
VGM info:   Isotope: "H_2"    Z = 1  N = 2  A = 2 g/mole
VGM info:   Exporting isotope: 
VGM info:   Isotope: "U_235"    Z = 92  N = 235  A = 235 g/mole
VGM info:   Exporting isotope: 
VGM info:   Isotope: "U_238"    Z = 92  N = 238  A = 238 g/mole
VGM info:   Exporting element: 
VGM info:   Element: "AL"  "AL"  Z = 13  N = 0  A = 26.98 g/mole
VGM info:   Exporting element: 
VGM info:   Element: "C"  "C"  Z = 6  N = 12  A = 12.0101 g/mole
     0th isotope: Isotope: "C_12"    Z = 6  N = 12  A = 12 g/mole  abundance: 98.9899%
     1th isotope: Isotope: "C_13"    Z = 6  N = 13  A = 13 g/mole  abundance: 1.0101%
VGM info:   Exporting element: 
VGM info:   Element: "H"  "H"  Z = 1  N = 1  A = 1 g/mole
     0th isotope: Isotope: "H_1"    Z = 1  N = 1  A = 1 g/mole  abundance: 100%
     1th isotope: Isotope: "H_2"    Z = 1  N = 2  A = 2 g/mole  abundance: 0%
VGM info:   Exporting element: 
VGM info:   Element: "N"  "N"  Z = 7  N = 0  A = 14.01 g/mole
VGM info:   Exporting element: 
VGM info:   Element: "O"  "O"  Z = 8  N = 0  A = 16 g/mole
VGM info:   Exporting element: 
VGM info:   Element: "U"  "U"  Z = 92  N = 235  A = 235.3 g/mole
     0th isotope: Isotope: "U_235"    Z = 92  N = 235  A = 235 g/mole  abundance: 90%
     1th isotope: Isotope: "U_238"    Z = 92  N = 238  A = 238 g/mole  abundance: 10%
VGM info:   Exporting element: 
VGM info:   Element: "Vacuum_e"  "Vacuum_e"  Z = 1  N = 0  A = 1.01 g/mole
VGM info:   Exporting material: 
VGM info:   Material: "Air"  density 0.0013 g/cm3  radlen 0 cm  intlen 0 cm  state "Undefined"  temperature 0 kelvin  pressure 0 atm
   0th element: Element: "N"  "N"  Z = 7  N = 0  A = 14.01 g/mole  Elm mass fraction: 69.9967 %
   1th element: Element: "O"  "O"  Z = 8  N = 0  A = 16 g/mole  Elm mass fraction: 30.0033 %
VGM info:   Exporting material: 
VGM info:   Material: "Basic"  density 2.7 g/cm3  radlen 0 cm  intlen 0 cm  state "Undefined"  temperature 0 kelvin  pressure 0 atm
   0th element: Element: "AL"  "AL"  Z = 13  N = 0  A = 26.98 g/mole  Elm mass fraction: 100 %
VGM info:   Exporting material: 
VGM info:   Material: "Scintillator"  density 1.032 g/cm3  radlen 0 cm  intlen 0 cm  state "Undefined"  temperature 0 kelvin  pressure 0 atm
   0th element: Element: "C"  "C"  Z = 6  N = 12  A = 12.0101 g/mole
     0th isotope: Isotope: "C_12"    Z = 6  N = 12  A = 12 g/mole  abundance: 98.9899%
     1th isotope: Isotope: "C_13"    Z = 6  N = 13  A = 13 g/mole  abundance: 1.0101%  Elm mass fraction: 91.5324 %
   1th element: Element: "H"  "H"  Z = 1  N = 1  A = 1 g/mole
     0th isotope: Isotope: "H_1"    Z = 1  N = 1  A = 1 g/mole  abundance: 100%
     1th isotope: Isotope: "H_2"    Z = 1  N = 2  A = 2 g/mole  abundance: 0%  Elm mass fraction: 8.46756 %
VGM info:   Exporting material: 
VGM info:   Material: "Uranium"  density 13.61 g/cm3  radlen 0 cm  intlen 0 cm  state "Undefined"  temperature 0 kelvin  pressure 0 atm
   0th element: Element: "U"  "U"  Z = 92  N = 235  A = 235.3 g/mole
     0th isotope: Isotope: "U_235"    Z = 92  N = 235  A = 235 g/mole  abundance: 90%
     1th isotope: Isotope: "U_238"    Z = 92  N = 238  A = 238 g/mole  abundance: 10%  Elm mass fraction: 100 %
VGM info:   Exporting material: 
VGM info:   Material: "Vacuum"  density 0 g/cm3  radlen 0 cm  intlen 0 cm  state "Undefined"  temperature 0 kelvin  pressure 0 atm
   0th element: Element: "Vacuum_e"  "Vacuum_e"  Z = 1  N = 0  A = 1.01 g/mole  Elm mass fraction: 100 %
VGM info:   Generation medium for material: 
VGM info:   Material: "Air"  density 0.0013 g/cm3  radlen 0 cm  intlen 0 cm  state "Undefined"  temperature 0 kelvin  pressure 0 atm
   0th element: Element: "N"  "N"  Z = 7  N = 0  A = 14.01 g/mole  Elm mass fraction: 69.9967 %
   1th element: Element: "O"  "O"  Z = 8  N = 0  A = 16 g/mole  Elm mass fraction: 30.0033 %
VGM info:   Generation medium for material: 
VGM info:   Material: "Basic"  density 2.7 g/cm3  radlen 0 cm  intlen 0 cm  state "Undefined"  temperature 0 kelvin  pressure 0 atm
   0th element: Element: "AL"  "AL"  Z = 13  N = 0  A = 26.98 g/mole  Elm mass fraction: 100 %
VGM info:   Generation medium for material: 
VGM info:   Material: "Scintillator"  density 1.032 g/cm3  radlen 0 cm  intlen 0 cm  state "Undefined"  temperature 0 kelvin  pressure 0 atm
   0th element: Element: "C"  "C"  Z = 6  N = 12  A = 12.0101 g/mole
     0th isotope: Isotope: "C_12"    Z = 6  N = 12  A = 12 g/mole  abundance: 98.9899%
     1th isotope: Isotope: "C_13"    Z = 6  N = 13  A = 13 g/mole  abundance: 1.0101%  Elm mass fraction: 91.5324 %
   1th element: Element: "H"  "H"  Z = 1  N = 1  A = 1 g/mole
     0th isotope: Isotope: "H_1"    Z = 1  N = 1  A = 1 g/mole  abundance: 100%
     1th isotope: Isotope: "H_2"    Z = 1  N = 2  A = 2 g/mole  abundance: 0%  Elm mass fraction: 8.46756 %
VGM info:   Generation medium for material: 
VGM info:   Material: "Uranium"  density 13.61 g/cm3  radlen 0 cm  intlen 0 cm  state "Undefined"  temperature 0 kelvin  pressure 0 atm
   0th element: Element: "U"  "U"  Z = 92  N = 235  A = 235.3 g/mole
     0th isotope: Isotope: "U_235"    Z = 92  N = 235  A = 235 g/mole  abundance: 90%
     1th isotope: Isotope: "U_238"    Z = 92  N = 238  A = 238 g/mole  abundance: 10%  Elm mass fraction: 100 %
VGM info:   Generation medium for material: 
VGM info:   Material: "Vacuum"  density 0 g/cm3  radlen 0 cm  intlen 0 cm  state "Undefined"  temperature 0 kelvin  pressure 0 atm
   0th element: Element: "Vacuum_e"  "Vacuum_e"  Z = 1  N = 0  A = 1.01 g/mole  Elm mass fraction: 100 %
VGM info:   Exporting volume store: 
VGM info:   Exporting solid: 
VGM info:      Box  "world"  hx = 4000mm  hy = 1000mm  hz = 4000mm
VGM info:      0th volume: world   material: Basic
VGM info:   Exporting solid: 
VGM info:      Box  "solid1"  hx = 500mm  hy = 500mm  hz = 500mm
VGM info:      1th volume: solid1   material: Basic
VGM info:   Exporting solid: 
VGM info:      Cons  "solid2"  rin1 = 100mm  rout1 = 300mm  rin2 = 200mm  rout2 = 400mm  hz = 1000mm  sphi = 0deg  dphi = 360deg
VGM info:      2th volume: solid2   material: Basic
VGM info:   Exporting solid: 
VGM info:      Boolean  "intersection_solid1_solid2"  Intersection: 
  ConstituentA = Box  "solid1"  hx = 500mm  hy = 500mm  hz = 500mm
  ConstituentB = Cons  "solid2"  rin1 = 100mm  rout1 = 300mm  rin2 = 200mm  rout2 = 400mm  hz = 1000mm  sphi = 0deg  dphi = 360deg
  Displacement translation (object):  ( 199.999,  0,  -1.75623e-14) mm 
  Displacement rotation (object):  (30,  -45,  0) deg    no reflectionZ
VGM info:   Exporting solid: 
VGM info:      Box  "solid1"  hx = 500mm  hy = 500mm  hz = 500mm
VGM info:   Exporting solid: 
VGM info:      Cons  "solid2"  rin1 = 100mm  rout1 = 300mm  rin2 = 200mm  rout2 = 400mm  hz = 1000mm  sphi = 0deg  dphi = 360deg
VGM info:      3th volume: intersection_solid1_solid2   material: Basic
VGM info:   Exporting solid: 
VGM info:      Boolean  "subtraction_solid1_solid2"  Subtraction: 
  ConstituentA = Box  "solid1"  hx = 500mm  hy = 500mm  hz = 500mm
  ConstituentB = Cons  "solid2"  rin1 = 100mm  rout1 = 300mm  rin2 = 200mm  rout2 = 400mm  hz = 1000mm  sphi = 0deg  dphi = 360deg
  Displacement translation (object):  ( 199.999,  0,  -1.75623e-14) mm 
  Displacement rotation (object):  (30,  -45,  0) deg    no reflectionZ
VGM info:   Exporting solid: 
VGM info:      Box  "solid1"  hx = 500mm  hy = 500mm  hz = 500mm
VGM info:   Exporting solid: 
VGM info:      Cons  "solid2"  rin1 = 100mm  rout1 = 300mm  rin2 = 200mm  rout2 = 400mm  hz = 1000mm  sphi = 0deg  dphi = 360deg
VGM info:      4th volume: subtraction_solid1_solid2   material: Basic
VGM info:   Exporting solid: 
VGM info:      Boolean  "union_solid1_solid2"  Union: 
  ConstituentA = Box  "solid1"  hx = 500mm  hy = 500mm  hz = 500mm
  ConstituentB = Cons  "solid2"  rin1 = 100mm  rout1 = 300mm  rin2 = 200mm  rout2 = 400mm  hz = 1000mm  sphi = 0deg  dphi = 360deg
  Displacement translation (object):  ( 199.999,  0,  -1.75623e-14) mm 
  Displacement rotation (object):  (30,  -45,  0) deg    no reflectionZ
VGM info:   Exporting solid: 
VGM info:      Box  "solid1"  hx = 500mm  hy = 500mm  hz = 500mm
VGM info:   Exporting solid: 
VGM info:      Cons  "solid2"  rin1 = 100mm  rout1 = 300mm  rin2 = 200mm  rout2 = 400mm  hz = 1000mm  sphi = 0deg  dphi = 360deg
VGM info:      5th volume: union_solid1_solid2   material: Basic
VGM info:   Exporting solid: 
VGM info:      Boolean  "intersection_solid1_solid2"  Intersection: 
  ConstituentA = Box  "solid1"  hx = 500mm  hy = 500mm  hz = 500mm
  ConstituentB = Cons  "solid2"  rin1 = 100mm  rout1 = 300mm  rin2 = 200mm  rout2 = 400mm  hz = 1000mm  sphi = 0deg  dphi = 360deg
  Displacement translation (object):  ( 199.999,  0,  -1.75623e-14) mm 
  Displacement rotation (object):  (30,  -45,  0) deg    no reflectionZ
VGM info:   Exporting solid: 
VGM info:      Box  "solid1"  hx = 500mm  hy = 500mm  hz = 500mm
VGM info:   Exporting solid: 
VGM info:      Cons  "solid2"  rin1 = 100mm  rout1 = 300mm  rin2 = 200mm  rout2 = 400mm  hz = 1000mm  sphi = 0deg  dphi = 360deg
VGM info:      6th volume: intersection_solid1_solid2   material: Basic
VGM info:   Exporting solid: 
VGM info:      Boolean  "subtraction_solid1_solid2"  Subtraction: 
  ConstituentA = Box  "solid1"  hx = 500mm  hy = 500mm  hz = 500mm
  ConstituentB = Cons  "solid2"  rin1 = 100mm  rout1 = 300mm  rin2 = 200mm  rout2 = 400mm  hz = 1000mm  sphi = 0deg  dphi = 360deg
  Displacement translation (object):  ( 199.999,  0,  -1.75623e-14) mm 
  Displacement rotation (object):  (30,  -45,  0) deg    no reflectionZ
VGM info:   Exporting solid: 
VGM info:      Box  "solid1"  hx = 500mm  hy = 500mm  hz = 500mm
VGM info:   Exporting solid: 
VGM info:      Cons  "solid2"  rin1 = 100mm  rout1 = 300mm  rin2 = 200mm  rout2 = 400mm  hz = 1000mm  sphi = 0deg  dphi = 360deg
VGM info:      7th volume: subtraction_solid1_solid2   material: Basic
VGM info:   Exporting solid: 
VGM info:      Boolean  "union_solid1_solid2"  Union: 
  ConstituentA = Box  "solid1"  hx = 500mm  hy = 500mm  hz = 500mm
  ConstituentB = Cons  "solid2"  rin1 = 100mm  rout1 = 300mm  rin2 = 200mm  rout2 = 400mm  hz = 1000mm  sphi = 0deg  dphi = 360deg
  Displacement translation (object):  ( 199.999,  0,  -1.75623e-14) mm 
  Displacement rotation (object):  (30,  -45,  0) deg    no reflectionZ
VGM info:   Exporting solid: 
VGM info:      Box  "solid1"  hx = 500mm  hy = 500mm  hz = 500mm
VGM info:   Exporting solid: 
VGM info:      Cons  "solid2"  rin1 = 100mm  rout1 = 300mm  rin2 = 200mm  rout2 = 400mm  hz = 1000mm  sphi = 0deg  dphi = 360deg
VGM info:      8th volume: union_solid1_solid2   material: Basic
VGM info:   ExportPlacements for 0th volume world
VGM info:      0th daughter vol = solid1  simple placement: solid1
VGM info:      1th daughter vol = solid2  simple placement: solid2
VGM info:      2th daughter vol = intersection_solid1_solid2  simple placement: intersection_solid1_solid2
VGM info:      3th daughter vol = subtraction_solid1_solid2  simple placement: subtraction_solid1_solid2
VGM info:      4th daughter vol = union_solid1_solid2  simple placement: union_solid1_solid2
VGM info:   ExportPlacements for 1th volume solid1
VGM info:   ExportPlacements for 2th volume solid2
VGM info:   ExportPlacements for 3th volume intersection_solid1_solid2
VGM info:   ExportPlacements for 4th volume subtraction_solid1_solid2
VGM info:   ExportPlacements for 5th volume union_solid1_solid2
VGM info:   ExportPlacements for 6th volume intersection_solid1_solid2
VGM info:   ExportPlacements for 7th volume subtraction_solid1_solid2
VGM info:   ExportPlacements for 8th volume union_solid1_solid2
Export finished
