Root geometry will be defined via VGM and exported to Geant4

*************************************************************
 Geant4 version Name: geant4-09-01-patch-02    (9-May-2008)
                      Copyright : Geant4 Collaboration
                      Reference : NIM A 506 (2003), 250-303
                            WWW : http://cern.ch/geant4
*************************************************************

TestSolids finished
Go to export
VGM info:   Exporting isotope: 
VGM info:   Isotope: "U235"    Z = 92  N = 235  A = 1.46682e+24 g/mole
VGM info:   Exporting isotope: 
VGM info:   Isotope: "U238"    Z = 92  N = 238  A = 1.48567e+24 g/mole
VGM info:   Exporting element: 
VGM info:   Element: "HYDROGEN"  "H"  Z = 1  N = 1.00794  A = 1.00794 g/mole
VGM info:   Exporting element: 
VGM info:   Element: "CARBON"  "C"  Z = 6  N = 12.0107  A = 12.0107 g/mole
VGM info:   Exporting element: 
VGM info:   Element: "Vacuum"  "Vacuum_e"  Z = 1  N = 1.01  A = 1.01 g/mole
VGM info:   Exporting element: 
VGM info:   Element: "Nitrogen"  "N"  Z = 7  N = 14.01  A = 14.01 g/mole
VGM info:   Exporting element: 
VGM info:   Element: "Oxygen"  "O"  Z = 8  N = 16  A = 16 g/mole
VGM info:   Exporting element: 
VGM info:   Element: "Aluminium"  "Al"  Z = 13  N = 26.98  A = 26.98 g/mole
VGM info:   Exporting element: 
VGM info:   Element: "enriched Uranium"  "U"  Z = 92  N = 235.3  A = 1.4687e+24 g/mole
     0th isotope: Isotope: "U235"    Z = 92  N = 235  A = 1.46682e+24 g/mole  abundance: 90%
     1th isotope: Isotope: "U238"    Z = 92  N = 238  A = 1.48567e+24 g/mole  abundance: 10%
VGM info:   Exporting material: 
VGM info:   Material: "Basic"  density 2.7 g/cm3  radlen 8.8751 cm  intlen 0 cm  state "Undefined"  temperature 273.15 kelvin  pressure 1 atm
   0th element: Element: "Aluminium"  "Al"  Z = 13  N = 26.98  A = 26.98 g/mole  Elm mass fraction: 100 %
VGM info:   Exporting material: 
VGM info:   Material: "Air"  density 0.00129 g/cm3  radlen 28405.7 cm  intlen 0 cm  state "Undefined"  temperature 273.15 kelvin  pressure 1 atm
   0th element: Element: "Nitrogen"  "N"  Z = 7  N = 14.01  A = 14.01 g/mole  Elm mass fraction: 70 %
   1th element: Element: "Oxygen"  "O"  Z = 8  N = 16  A = 16 g/mole  Elm mass fraction: 30 %
VGM info:   Exporting material: 
VGM info:   Material: "Scintillator"  density 1.032 g/cm3  radlen 42.132 cm  intlen 0 cm  state "Undefined"  temperature 273.15 kelvin  pressure 1 atm
   0th element: Element: "CARBON"  "C"  Z = 6  N = 12.0107  A = 12.0107 g/mole  Elm mass fraction: 91.4708 %
   1th element: Element: "HYDROGEN"  "H"  Z = 1  N = 1.00794  A = 1.00794 g/mole  Elm mass fraction: 8.52916 %
VGM info:   Exporting material: 
VGM info:   Material: "Uranium"  density 13.61 g/cm3  radlen 2.7231e+21 cm  intlen 0 cm  state "Undefined"  temperature 273.15 kelvin  pressure 1 atm
   0th element: Element: "enriched Uranium"  "U"  Z = 92  N = 235.3  A = 1.4687e+24 g/mole
     0th isotope: Isotope: "U235"    Z = 92  N = 235  A = 1.46682e+24 g/mole  abundance: 90%
     1th isotope: Isotope: "U238"    Z = 92  N = 238  A = 1.48567e+24 g/mole  abundance: 10%  Elm mass fraction: 100 %
VGM info:   Exporting material: 
VGM info:   Material: "Vacuum"  density 1e-25 g/cm3  radlen 5.79553e+26 cm  intlen 0 cm  state "Gas"  temperature 2.73 kelvin  pressure 2.96077e-23 atm
   0th element: Element: "Vacuum"  "Vacuum_e"  Z = 1  N = 1.01  A = 1.01 g/mole  Elm mass fraction: 100 %
VGM info:   Exporting medium: 
VGM info:   Medium: "Basic"  material Basic g/cm3  parameters:  0  0  0  0  0  0  0  0  0  0  0  0  0  0  0  0  0  0  0  0
VGM info:   Exporting medium: 
VGM info:   Medium: "Air"  material Air g/cm3  parameters:  0  0  0  0  0  0  0  0  0  0  0  0  0  0  0  0  0  0  0  0
VGM info:   Exporting medium: 
VGM info:   Medium: "Scintillator"  material Scintillator g/cm3  parameters:  0  0  0  0  0  0  0  0  0  0  0  0  0  0  0  0  0  0  0  0
VGM info:   Exporting medium: 
VGM info:   Medium: "Uranium"  material Uranium g/cm3  parameters:  0  0  0  0  0  0  0  0  0  0  0  0  0  0  0  0  0  0  0  0
VGM info:   Exporting medium: 
VGM info:   Medium: "Vacuum"  material Vacuum g/cm3  parameters:  0  0  0  0  0  0  0  0  0  0  0  0  0  0  0  0  0  0  0  0
VGM info:   Exporting volume store: 
VGM info:   Exporting solid: 
VGM info:      Box  "worldS"  hx = 6000mm  hy = 3000mm  hz = 2000mm
VGM info:      0th volume: world   material: Basic
VGM info:   Exporting solid: 
VGM info:      Box  "boxS"  hx = 200mm  hy = 600mm  hz = 500mm
VGM info:      1th volume: box   material: Basic
VGM info:   Exporting solid: 
VGM info:      Cons  "consS"  rin1 = 100mm  rout1 = 400mm  rin2 = 200mm  rout2 = 600mm  hz = 500mm  sphi = 0deg  dphi = 360deg
VGM info:      2th volume: cons   material: Basic
VGM info:   Exporting solid: 
VGM info:      Eltu  "eltuS"  dx = 200mm  dy = 300mm  hz = 500mm
VGM info:      3th volume: eltu   material: Basic
VGM info:   Exporting solid: 
VGM info:      Para  "paraS"  hx = 400mm  hy = 600mm  hz = 500mm  alpha = 30deg  theta = 30deg  phi = 30deg
VGM info:      4th volume: para   material: Basic
VGM info:   Exporting solid: 
VGM info:      Polycone  "pconeS"  sphi = 0deg  dphi = 360deg  nz = 3
   0th plane:  z = -500mm rin = 100mm rout = 500mm
   1th plane:  z = 100mm rin = 200mm rout = 300mm
   2th plane:  z = 400mm rin = 300mm rout = 600mm
VGM info:      5th volume: pcone   material: Basic
VGM info:   Exporting solid: 
VGM info:      Polygone  "phedraS"  sphi = 0deg  dphi = 360deg  nsides = 4  nz = 3
   0th plane:  z = -500mm rin = 100mm rout = 400mm
   1th plane:  z = 100mm rin = 200mm rout = 200mm
   2th plane:  z = 400mm rin = 300mm rout = 500mm
VGM info:      6th volume: phedra   material: Basic
VGM info:   Exporting solid: 
VGM info:      Sphere  "sphereS"  rin = 200mm  rout = 600mm  sphi = 0deg  dphi = 360deg  stheta = 0deg  dtheta = 180deg
VGM info:      7th volume: sphere   material: Basic
VGM info:   Exporting solid: 
VGM info:      Torus  "torusS"  rin = 200mm  rout = 300mm  rtor = 400mm  sphi = 0deg  dphi = 360deg
VGM info:      8th volume: torus   material: Basic
VGM info:   Exporting solid: 
VGM info:      Trap  "trapS"  hz = 300mm  theta = 25deg  phi = 35deg  hy1 = 200mm  hx1 = 100mm  hx2 = 150mm  alpha1 = 0deg  hy2 = 200mm  hx3 = 100mm  hx4 = 150mm  alpha2 = 0deg
VGM info:      9th volume: trap   material: Basic
VGM info:   Exporting solid: 
VGM info:      Trd  "trdS"  hx1 = 200mm  hx2 = 300mm  hy1 = 400mm  hy2 = 500mm  hz = 500mm
VGM info:      10th volume: trd   material: Basic
VGM info:   Exporting solid: 
VGM info:      Tubs  "tubsS"  rin = 200mm  rout = 400mm  hz = 500mm  sphi = 0deg  dphi = 360deg
VGM info:      11th volume: tubs   material: Basic
VGM info:   Exporting solid: 
VGM info:      Ctubs  "ctubsS"  rin = 200mm  rout = 300mm  hz = 604.9mm  sphi = 330deg  dphi = 280deg  nlow = (0, 0.064, -0.077)  nhigh = (0, 0.009, 0.087)
VGM info:      12th volume: ctubs   material: Basic
VGM info:   Exporting solid: 
VGM info:      Extruded  "xtruS"
Polygon,  8 vertices:
  (-300, -300)  (-300, 300)  (300, 300)  (300, -300)  (150, -300)  (150, 150)  (-150, 150)  (-150, -300) mm
Planes:
  z = -400 mm    x0 = -200 mm    y0 = 100 mm    scale= 1.5
  z = 100 mm    x0 = 0 mm    y0 = 0 mm    scale= 0.5
  z = 150 mm    x0 = 0 mm    y0 = 0 mm    scale= 0.7
  z = 400 mm    x0 = 200 mm    y0 = 200 mm    scale= 0.9

VGM info:      13th volume: xtru1   material: Basic
VGM info:   Exporting solid: 
VGM info:      Extruded  "xtruS"
Polygon,  8 vertices:
  (-300, -300)  (-300, 300)  (300, 300)  (300, -300)  (150, -300)  (150, 150)  (-150, 150)  (-150, -300) mm
Planes:
  z = -400 mm    x0 = -200 mm    y0 = 100 mm    scale= 1.5
  z = 100 mm    x0 = 0 mm    y0 = 0 mm    scale= 0.5
  z = 100 mm    x0 = 0 mm    y0 = 0 mm    scale= 0.7
  z = 400 mm    x0 = 200 mm    y0 = 200 mm    scale= 0.9

VGM info:      14th volume: xtru2   material: Basic
VGM info:   ExportPlacements for 0th volume world
VGM info:      0th daughter vol = box  simple placement: box
VGM info:      1th daughter vol = cons  simple placement: cons
VGM info:      2th daughter vol = eltu  simple placement: eltu
VGM info:      3th daughter vol = para  simple placement: para
VGM info:      4th daughter vol = pcone  simple placement: pcone
VGM info:      5th daughter vol = phedra  simple placement: phedra
VGM info:      6th daughter vol = sphere  simple placement: sphere
VGM info:      7th daughter vol = torus  simple placement: torus
VGM info:      8th daughter vol = trap  simple placement: trap
VGM info:      9th daughter vol = trd  simple placement: trd
VGM info:      10th daughter vol = tubs  simple placement: tubs
VGM info:      11th daughter vol = ctubs  simple placement: ctubs
VGM info:      12th daughter vol = xtru1  simple placement: xtru1
VGM info:      13th daughter vol = xtru2  simple placement: xtru2
VGM info:   ExportPlacements for 1th volume box
VGM info:   ExportPlacements for 2th volume cons
VGM info:   ExportPlacements for 3th volume eltu
VGM info:   ExportPlacements for 4th volume para
VGM info:   ExportPlacements for 5th volume pcone
VGM info:   ExportPlacements for 6th volume phedra
VGM info:   ExportPlacements for 7th volume sphere
VGM info:   ExportPlacements for 8th volume torus
VGM info:   ExportPlacements for 9th volume trap
VGM info:   ExportPlacements for 10th volume trd
VGM info:   ExportPlacements for 11th volume tubs
VGM info:   ExportPlacements for 12th volume ctubs
VGM info:   ExportPlacements for 13th volume xtru1
VGM info:   ExportPlacements for 14th volume xtru2
Export finished
Go to save Root geometry
